Component: Arm Compiler for Embedded 6.19 Tool: armlink [5e73cb00]

==============================================================================

Section Cross References

    empty.o(.text.main) refers to ti_msp_dl_config.o(.text.SYSCFG_DL_init) for SYSCFG_DL_init
    empty.o(.text.main) refers to usart.o(.text.USART_Init) for USART_Init
    empty.o(.text.main) refers to grayscale_sensor.o(.text.Grayscale_Sensor_Read_All) for Grayscale_Sensor_Read_All
    empty.o(.text.main) refers to printfa.o(i.__0printf) for printf
    empty.o(.text.main) refers to delay.o(.text.delay_ms) for delay_ms
    empty.o(.text.main) refers to empty.o(.bss.g_sensor_data) for g_sensor_data
    empty.o(.text.main) refers to empty.o(.bss.i) for i
    empty.o(.text.main) refers to empty.o(.rodata.str1.1) for [Anonymous Symbol]
    empty.o(.text.main) refers to empty.o(.data.sensor_labels) for sensor_labels
    empty.o(.ARM.exidx.text.main) refers to empty.o(.text.main) for [Anonymous Symbol]
    empty.o(.data.sensor_labels) refers to empty.o(.rodata.str1.1) for [Anonymous Symbol]
    startup_mspm0g350x_uvision.o(RESET) refers to startup_mspm0g350x_uvision.o(STACK) for __initial_sp
    startup_mspm0g350x_uvision.o(RESET) refers to startup_mspm0g350x_uvision.o(.text) for Reset_Handler
    startup_mspm0g350x_uvision.o(RESET) refers to usart.o(.text.UART0_IRQHandler) for UART0_IRQHandler
    startup_mspm0g350x_uvision.o(.text) refers to entry.o(.ARM.Collect$$$$00000000) for __main
    ti_msp_dl_config.o(.text.SYSCFG_DL_init) refers to ti_msp_dl_config.o(.text.SYSCFG_DL_initPower) for SYSCFG_DL_initPower
    ti_msp_dl_config.o(.text.SYSCFG_DL_init) refers to ti_msp_dl_config.o(.text.SYSCFG_DL_GPIO_init) for SYSCFG_DL_GPIO_init
    ti_msp_dl_config.o(.text.SYSCFG_DL_init) refers to ti_msp_dl_config.o(.text.SYSCFG_DL_SYSCTL_init) for SYSCFG_DL_SYSCTL_init
    ti_msp_dl_config.o(.text.SYSCFG_DL_init) refers to ti_msp_dl_config.o(.text.SYSCFG_DL_UART_0_init) for SYSCFG_DL_UART_0_init
    ti_msp_dl_config.o(.text.SYSCFG_DL_init) refers to ti_msp_dl_config.o(.text.SYSCFG_DL_SYSTICK_init) for SYSCFG_DL_SYSTICK_init
    ti_msp_dl_config.o(.ARM.exidx.text.SYSCFG_DL_init) refers to ti_msp_dl_config.o(.text.SYSCFG_DL_init) for [Anonymous Symbol]
    ti_msp_dl_config.o(.text.SYSCFG_DL_initPower) refers to ti_msp_dl_config.o(.text.DL_GPIO_reset) for DL_GPIO_reset
    ti_msp_dl_config.o(.text.SYSCFG_DL_initPower) refers to ti_msp_dl_config.o(.text.DL_UART_reset) for DL_UART_reset
    ti_msp_dl_config.o(.text.SYSCFG_DL_initPower) refers to ti_msp_dl_config.o(.text.DL_GPIO_enablePower) for DL_GPIO_enablePower
    ti_msp_dl_config.o(.text.SYSCFG_DL_initPower) refers to ti_msp_dl_config.o(.text.DL_UART_enablePower) for DL_UART_enablePower
    ti_msp_dl_config.o(.text.SYSCFG_DL_initPower) refers to dl_common.o(.text.DL_Common_delayCycles) for DL_Common_delayCycles
    ti_msp_dl_config.o(.ARM.exidx.text.SYSCFG_DL_initPower) refers to ti_msp_dl_config.o(.text.SYSCFG_DL_initPower) for [Anonymous Symbol]
    ti_msp_dl_config.o(.text.SYSCFG_DL_GPIO_init) refers to ti_msp_dl_config.o(.text.DL_GPIO_initPeripheralOutputFunction) for DL_GPIO_initPeripheralOutputFunction
    ti_msp_dl_config.o(.text.SYSCFG_DL_GPIO_init) refers to ti_msp_dl_config.o(.text.DL_GPIO_initPeripheralInputFunction) for DL_GPIO_initPeripheralInputFunction
    ti_msp_dl_config.o(.text.SYSCFG_DL_GPIO_init) refers to ti_msp_dl_config.o(.text.DL_GPIO_initDigitalOutput) for DL_GPIO_initDigitalOutput
    ti_msp_dl_config.o(.text.SYSCFG_DL_GPIO_init) refers to ti_msp_dl_config.o(.text.DL_GPIO_initDigitalInputFeatures) for DL_GPIO_initDigitalInputFeatures
    ti_msp_dl_config.o(.text.SYSCFG_DL_GPIO_init) refers to ti_msp_dl_config.o(.text.DL_GPIO_clearPins) for DL_GPIO_clearPins
    ti_msp_dl_config.o(.text.SYSCFG_DL_GPIO_init) refers to ti_msp_dl_config.o(.text.DL_GPIO_enableOutput) for DL_GPIO_enableOutput
    ti_msp_dl_config.o(.ARM.exidx.text.SYSCFG_DL_GPIO_init) refers to ti_msp_dl_config.o(.text.SYSCFG_DL_GPIO_init) for [Anonymous Symbol]
    ti_msp_dl_config.o(.text.SYSCFG_DL_SYSCTL_init) refers to ti_msp_dl_config.o(.text.DL_SYSCTL_setBORThreshold) for DL_SYSCTL_setBORThreshold
    ti_msp_dl_config.o(.text.SYSCFG_DL_SYSCTL_init) refers to ti_msp_dl_config.o(.text.DL_SYSCTL_setSYSOSCFreq) for DL_SYSCTL_setSYSOSCFreq
    ti_msp_dl_config.o(.text.SYSCFG_DL_SYSCTL_init) refers to ti_msp_dl_config.o(.text.DL_SYSCTL_disableHFXT) for DL_SYSCTL_disableHFXT
    ti_msp_dl_config.o(.text.SYSCFG_DL_SYSCTL_init) refers to ti_msp_dl_config.o(.text.DL_SYSCTL_disableSYSPLL) for DL_SYSCTL_disableSYSPLL
    ti_msp_dl_config.o(.text.SYSCFG_DL_SYSCTL_init) refers to ti_msp_dl_config.o(.text.DL_SYSCTL_enableMFCLK) for DL_SYSCTL_enableMFCLK
    ti_msp_dl_config.o(.ARM.exidx.text.SYSCFG_DL_SYSCTL_init) refers to ti_msp_dl_config.o(.text.SYSCFG_DL_SYSCTL_init) for [Anonymous Symbol]
    ti_msp_dl_config.o(.text.SYSCFG_DL_UART_0_init) refers to dl_uart.o(.text.DL_UART_setClockConfig) for DL_UART_setClockConfig
[...]
    Removing dl_rtc_common.o(.text.DL_RTC_Common_getCalendarDayOfMonthBinary), (28 bytes).
    Removing dl_rtc_common.o(.ARM.exidx.text.DL_RTC_Common_getCalendarDayOfMonthBinary), (8 bytes).
    Removing dl_rtc_common.o(.text.DL_RTC_Common_getCalendarMonthBinary), (24 bytes).
    Removing dl_rtc_common.o(.ARM.exidx.text.DL_RTC_Common_getCalendarMonthBinary), (8 bytes).
    Removing dl_rtc_common.o(.text.DL_RTC_Common_getCalendarYearBinary), (28 bytes).
    Removing dl_rtc_common.o(.ARM.exidx.text.DL_RTC_Common_getCalendarYearBinary), (8 bytes).
    Removing dl_rtc_common.o(.text.DL_RTC_Common_getCalendarSecondsBCD), (28 bytes).
    Removing dl_rtc_common.o(.ARM.exidx.text.DL_RTC_Common_getCalendarSecondsBCD), (8 bytes).
    Removing dl_rtc_common.o(.text.DL_RTC_Common_getCalendarMinutesBCD), (28 bytes).
    Removing dl_rtc_common.o(.ARM.exidx.text.DL_RTC_Common_getCalendarMinutesBCD), (8 bytes).
    Removing dl_rtc_common.o(.text.DL_RTC_Common_getCalendarHoursBCD), (24 bytes).
    Removing dl_rtc_common.o(.ARM.exidx.text.DL_RTC_Common_getCalendarHoursBCD), (8 bytes).
    Removing dl_rtc_common.o(.text.DL_RTC_Common_getCalendarDayOfWeekBCD), (24 bytes).
    Removing dl_rtc_common.o(.ARM.exidx.text.DL_RTC_Common_getCalendarDayOfWeekBCD), (8 bytes).
    Removing dl_rtc_common.o(.text.DL_RTC_Common_getCalendarDayOfMonthBCD), (28 bytes).
    Removing dl_rtc_common.o(.ARM.exidx.text.DL_RTC_Common_getCalendarDayOfMonthBCD), (8 bytes).
    Removing dl_rtc_common.o(.text.DL_RTC_Common_getCalendarMonthBCD), (28 bytes).
    Removing dl_rtc_common.o(.ARM.exidx.text.DL_RTC_Common_getCalendarMonthBCD), (8 bytes).
    Removing dl_rtc_common.o(.text.DL_RTC_Common_getCalendarYearBCD), (28 bytes).
    Removing dl_rtc_common.o(.ARM.exidx.text.DL_RTC_Common_getCalendarYearBCD), (8 bytes).
    Removing dl_rtc_common.o(.text.DL_RTC_Common_setCalendarAlarm1), (134 bytes).
    Removing dl_rtc_common.o(.ARM.exidx.text.DL_RTC_Common_setCalendarAlarm1), (8 bytes).
    Removing dl_rtc_common.o(.text.DL_RTC_Common_setAlarm1MinutesBinary), (28 bytes).
    Removing dl_rtc_common.o(.ARM.exidx.text.DL_RTC_Common_setAlarm1MinutesBinary), (8 bytes).
    Removing dl_rtc_common.o(.text.DL_RTC_Common_setAlarm1HoursBinary), (28 bytes).
    Removing dl_rtc_common.o(.ARM.exidx.text.DL_RTC_Common_setAlarm1HoursBinary), (8 bytes).
    Removing dl_rtc_common.o(.text.DL_RTC_Common_setAlarm1DayOfWeekBinary), (40 bytes).
    Removing dl_rtc_common.o(.ARM.exidx.text.DL_RTC_Common_setAlarm1DayOfWeekBinary), (8 bytes).
    Removing dl_rtc_common.o(.text.DL_RTC_Common_setAlarm1DayOfMonthBinary), (44 bytes).
    Removing dl_rtc_common.o(.ARM.exidx.text.DL_RTC_Common_setAlarm1DayOfMonthBinary), (8 bytes).
    Removing dl_rtc_common.o(.text.DL_RTC_Common_setAlarm1MinutesBCD), (28 bytes).
    Removing dl_rtc_common.o(.ARM.exidx.text.DL_RTC_Common_setAlarm1MinutesBCD), (8 bytes).
    Removing dl_rtc_common.o(.text.DL_RTC_Common_setAlarm1HoursBCD), (28 bytes).
    Removing dl_rtc_common.o(.ARM.exidx.text.DL_RTC_Common_setAlarm1HoursBCD), (8 bytes).
    Removing dl_rtc_common.o(.text.DL_RTC_Common_setAlarm1DayOfWeekBCD), (40 bytes).
    Removing dl_rtc_common.o(.ARM.exidx.text.DL_RTC_Common_setAlarm1DayOfWeekBCD), (8 bytes).
    Removing dl_rtc_common.o(.text.DL_RTC_Common_setAlarm1DayOfMonthBCD), (44 bytes).
    Removing dl_rtc_common.o(.ARM.exidx.text.DL_RTC_Common_setAlarm1DayOfMonthBCD), (8 bytes).
    Removing dl_rtc_common.o(.text.DL_RTC_Common_getCalendarAlarm1), (140 bytes).
    Removing dl_rtc_common.o(.ARM.exidx.text.DL_RTC_Common_getCalendarAlarm1), (8 bytes).
    Removing dl_rtc_common.o(.text.DL_RTC_Common_getAlarm1MinutesBinary), (24 bytes).
    Removing dl_rtc_common.o(.ARM.exidx.text.DL_RTC_Common_getAlarm1MinutesBinary), (8 bytes).
    Removing dl_rtc_common.o(.text.DL_RTC_Common_getAlarm1HoursBinary), (24 bytes).
    Removing dl_rtc_common.o(.ARM.exidx.text.DL_RTC_Common_getAlarm1HoursBinary), (8 bytes).
    Removing dl_rtc_common.o(.text.DL_RTC_Common_getAlarm1DayOfWeekBinary), (24 bytes).
    Removing dl_rtc_common.o(.ARM.exidx.text.DL_RTC_Common_getAlarm1DayOfWeekBinary), (8 bytes).
    Removing dl_rtc_common.o(.text.DL_RTC_Common_getAlarm1DayOfMonthBinary), (28 bytes).
    Removing dl_rtc_common.o(.ARM.exidx.text.DL_RTC_Common_getAlarm1DayOfMonthBinary), (8 bytes).
    Removing dl_rtc_common.o(.text.DL_RTC_Common_getAlarm1MinutesBCD), (28 bytes).
    Removing dl_rtc_common.o(.ARM.exidx.text.DL_RTC_Common_getAlarm1MinutesBCD), (8 bytes).
    Removing dl_rtc_common.o(.text.DL_RTC_Common_getAlarm1HoursBCD), (28 bytes).
    Removing dl_rtc_common.o(.ARM.exidx.text.DL_RTC_Common_getAlarm1HoursBCD), (8 bytes).
    Removing dl_rtc_common.o(.text.DL_RTC_Common_getAlarm1DayOfWeekBCD), (24 bytes).
    Removing dl_rtc_common.o(.ARM.exidx.text.DL_RTC_Common_getAlarm1DayOfWeekBCD), (8 bytes).
    Removing dl_rtc_common.o(.text.DL_RTC_Common_getAlarm1DayOfMonthBCD), (28 bytes).
    Removing dl_rtc_common.o(.ARM.exidx.text.DL_RTC_Common_getAlarm1DayOfMonthBCD), (8 bytes).
    Removing dl_rtc_common.o(.text.DL_RTC_Common_enableCalendarAlarm1), (82 bytes).
    Removing dl_rtc_common.o(.ARM.exidx.text.DL_RTC_Common_enableCalendarAlarm1), (8 bytes).
    Removing dl_rtc_common.o(.text.DL_RTC_Common_enableAlarm1MinutesBinary), (24 bytes).
    Removing dl_rtc_common.o(.ARM.exidx.text.DL_RTC_Common_enableAlarm1MinutesBinary), (8 bytes).
    Removing dl_rtc_common.o(.text.DL_RTC_Common_enableAlarm1HoursBinary), (24 bytes).
    Removing dl_rtc_common.o(.ARM.exidx.text.DL_RTC_Common_enableAlarm1HoursBinary), (8 bytes).
    Removing dl_rtc_common.o(.text.DL_RTC_Common_enableAlarm1DayOfWeekBinary), (24 bytes).
    Removing dl_rtc_common.o(.ARM.exidx.text.DL_RTC_Common_enableAlarm1DayOfWeekBinary), (8 bytes).
    Removing dl_rtc_common.o(.text.DL_RTC_Common_enableAlarm1DayOfMonthBinary), (28 bytes).
    Removing dl_rtc_common.o(.ARM.exidx.text.DL_RTC_Common_enableAlarm1DayOfMonthBinary), (8 bytes).
    Removing dl_rtc_common.o(.text.DL_RTC_Common_enableAlarm1MinutesBCD), (28 bytes).
    Removing dl_rtc_common.o(.ARM.exidx.text.DL_RTC_Common_enableAlarm1MinutesBCD), (8 bytes).
    Removing dl_rtc_common.o(.text.DL_RTC_Common_enableAlarm1HoursBCD), (24 bytes).
    Removing dl_rtc_common.o(.ARM.exidx.text.DL_RTC_Common_enableAlarm1HoursBCD), (8 bytes).
    Removing dl_rtc_common.o(.text.DL_RTC_Common_enableAlarm1DayOfWeekBCD), (24 bytes).
    Removing dl_rtc_common.o(.ARM.exidx.text.DL_RTC_Common_enableAlarm1DayOfWeekBCD), (8 bytes).
    Removing dl_rtc_common.o(.text.DL_RTC_Common_enableAlarm1DayOfMonthBCD), (28 bytes).
    Removing dl_rtc_common.o(.ARM.exidx.text.DL_RTC_Common_enableAlarm1DayOfMonthBCD), (8 bytes).
    Removing dl_rtc_common.o(.text.DL_RTC_Common_disableCalendarAlarm1), (82 bytes).
    Removing dl_rtc_common.o(.ARM.exidx.text.DL_RTC_Common_disableCalendarAlarm1), (8 bytes).
    Removing dl_rtc_common.o(.text.DL_RTC_Common_disableAlarm1MinutesBinary), (24 bytes).
    Removing dl_rtc_common.o(.ARM.exidx.text.DL_RTC_Common_disableAlarm1MinutesBinary), (8 bytes).
    Removing dl_rtc_common.o(.text.DL_RTC_Common_disableAlarm1HoursBinary), (24 bytes).
    Removing dl_rtc_common.o(.ARM.exidx.text.DL_RTC_Common_disableAlarm1HoursBinary), (8 bytes).
    Removing dl_rtc_common.o(.text.DL_RTC_Common_disableAlarm1DayOfWeekBinary), (24 bytes).
    Removing dl_rtc_common.o(.ARM.exidx.text.DL_RTC_Common_disableAlarm1DayOfWeekBinary), (8 bytes).
    Removing dl_rtc_common.o(.text.DL_RTC_Common_disableAlarm1DayOfMonthBinary), (28 bytes).
    Removing dl_rtc_common.o(.ARM.exidx.text.DL_RTC_Common_disableAlarm1DayOfMonthBinary), (8 bytes).
    Removing dl_rtc_common.o(.text.DL_RTC_Common_disableAlarm1MinutesBCD), (28 bytes).
    Removing dl_rtc_common.o(.ARM.exidx.text.DL_RTC_Common_disableAlarm1MinutesBCD), (8 bytes).
    Removing dl_rtc_common.o(.text.DL_RTC_Common_disableAlarm1HoursBCD), (24 bytes).
    Removing dl_rtc_common.o(.ARM.exidx.text.DL_RTC_Common_disableAlarm1HoursBCD), (8 bytes).
    Removing dl_rtc_common.o(.text.DL_RTC_Common_disableAlarm1DayOfWeekBCD), (24 bytes).
    Removing dl_rtc_common.o(.ARM.exidx.text.DL_RTC_Common_disableAlarm1DayOfWeekBCD), (8 bytes).
    Removing dl_rtc_common.o(.text.DL_RTC_Common_disableAlarm1DayOfMonthBCD), (28 bytes).
    Removing dl_rtc_common.o(.ARM.exidx.text.DL_RTC_Common_disableAlarm1DayOfMonthBCD), (8 bytes).
    Removing dl_rtc_common.o(.text.DL_RTC_Common_setCalendarAlarm2), (134 bytes).
    Removing dl_rtc_common.o(.ARM.exidx.text.DL_RTC_Common_setCalendarAlarm2), (8 bytes).
    Removing dl_rtc_common.o(.text.DL_RTC_Common_setAlarm2MinutesBinary), (28 bytes).
    Removing dl_rtc_common.o(.ARM.exidx.text.DL_RTC_Common_setAlarm2MinutesBinary), (8 bytes).
    Removing dl_rtc_common.o(.text.DL_RTC_Common_setAlarm2HoursBinary), (26 bytes).
    Removing dl_rtc_common.o(.ARM.exidx.text.DL_RTC_Common_setAlarm2HoursBinary), (8 bytes).
    Removing dl_rtc_common.o(.text.DL_RTC_Common_setAlarm2DayOfWeekBinary), (40 bytes).
    Removing dl_rtc_common.o(.ARM.exidx.text.DL_RTC_Common_setAlarm2DayOfWeekBinary), (8 bytes).
    Removing dl_rtc_common.o(.text.DL_RTC_Common_setAlarm2DayOfMonthBinary), (44 bytes).
    Removing dl_rtc_common.o(.ARM.exidx.text.DL_RTC_Common_setAlarm2DayOfMonthBinary), (8 bytes).
    Removing dl_rtc_common.o(.text.DL_RTC_Common_setAlarm2MinutesBCD), (28 bytes).
    Removing dl_rtc_common.o(.ARM.exidx.text.DL_RTC_Common_setAlarm2MinutesBCD), (8 bytes).
    Removing dl_rtc_common.o(.text.DL_RTC_Common_setAlarm2HoursBCD), (26 bytes).
    Removing dl_rtc_common.o(.ARM.exidx.text.DL_RTC_Common_setAlarm2HoursBCD), (8 bytes).
    Removing dl_rtc_common.o(.text.DL_RTC_Common_setAlarm2DayOfWeekBCD), (40 bytes).
    Removing dl_rtc_common.o(.ARM.exidx.text.DL_RTC_Common_setAlarm2DayOfWeekBCD), (8 bytes).
    Removing dl_rtc_common.o(.text.DL_RTC_Common_setAlarm2DayOfMonthBCD), (44 bytes).
    Removing dl_rtc_common.o(.ARM.exidx.text.DL_RTC_Common_setAlarm2DayOfMonthBCD), (8 bytes).
    Removing dl_rtc_common.o(.text.DL_RTC_Common_getCalendarAlarm2), (140 bytes).
    Removing dl_rtc_common.o(.ARM.exidx.text.DL_RTC_Common_getCalendarAlarm2), (8 bytes).
    Removing dl_rtc_common.o(.text.DL_RTC_Common_getAlarm2MinutesBinary), (24 bytes).
    Removing dl_rtc_common.o(.ARM.exidx.text.DL_RTC_Common_getAlarm2MinutesBinary), (8 bytes).
    Removing dl_rtc_common.o(.text.DL_RTC_Common_getAlarm2HoursBinary), (20 bytes).
    Removing dl_rtc_common.o(.ARM.exidx.text.DL_RTC_Common_getAlarm2HoursBinary), (8 bytes).
    Removing dl_rtc_common.o(.text.DL_RTC_Common_getAlarm2DayOfWeekBinary), (24 bytes).
    Removing dl_rtc_common.o(.ARM.exidx.text.DL_RTC_Common_getAlarm2DayOfWeekBinary), (8 bytes).
    Removing dl_rtc_common.o(.text.DL_RTC_Common_getAlarm2DayOfMonthBinary), (28 bytes).
    Removing dl_rtc_common.o(.ARM.exidx.text.DL_RTC_Common_getAlarm2DayOfMonthBinary), (8 bytes).
    Removing dl_rtc_common.o(.text.DL_RTC_Common_getAlarm2MinutesBCD), (28 bytes).
    Removing dl_rtc_common.o(.ARM.exidx.text.DL_RTC_Common_getAlarm2MinutesBCD), (8 bytes).
    Removing dl_rtc_common.o(.text.DL_RTC_Common_getAlarm2HoursBCD), (24 bytes).
    Removing dl_rtc_common.o(.ARM.exidx.text.DL_RTC_Common_getAlarm2HoursBCD), (8 bytes).
    Removing dl_rtc_common.o(.text.DL_RTC_Common_getAlarm2DayOfWeekBCD), (24 bytes).
    Removing dl_rtc_common.o(.ARM.exidx.text.DL_RTC_Common_getAlarm2DayOfWeekBCD), (8 bytes).
    Removing dl_rtc_common.o(.text.DL_RTC_Common_getAlarm2DayOfMonthBCD), (28 bytes).
    Removing dl_rtc_common.o(.ARM.exidx.text.DL_RTC_Common_getAlarm2DayOfMonthBCD), (8 bytes).
    Removing dl_rtc_common.o(.text.DL_RTC_Common_enableCalendarAlarm2), (82 bytes).
    Removing dl_rtc_common.o(.ARM.exidx.text.DL_RTC_Common_enableCalendarAlarm2), (8 bytes).
    Removing dl_rtc_common.o(.text.DL_RTC_Common_enableAlarm2MinutesBinary), (24 bytes).
    Removing dl_rtc_common.o(.ARM.exidx.text.DL_RTC_Common_enableAlarm2MinutesBinary), (8 bytes).
    Removing dl_rtc_common.o(.text.DL_RTC_Common_enableAlarm2HoursBinary), (22 bytes).
    Removing dl_rtc_common.o(.ARM.exidx.text.DL_RTC_Common_enableAlarm2HoursBinary), (8 bytes).
    Removing dl_rtc_common.o(.text.DL_RTC_Common_enableAlarm2DayOfWeekBinary), (24 bytes).
    Removing dl_rtc_common.o(.ARM.exidx.text.DL_RTC_Common_enableAlarm2DayOfWeekBinary), (8 bytes).
    Removing dl_rtc_common.o(.text.DL_RTC_Common_enableAlarm2DayOfMonthBinary), (28 bytes).
    Removing dl_rtc_common.o(.ARM.exidx.text.DL_RTC_Common_enableAlarm2DayOfMonthBinary), (8 bytes).
    Removing dl_rtc_common.o(.text.DL_RTC_Common_enableAlarm2MinutesBCD), (28 bytes).
    Removing dl_rtc_common.o(.ARM.exidx.text.DL_RTC_Common_enableAlarm2MinutesBCD), (8 bytes).
    Removing dl_rtc_common.o(.text.DL_RTC_Common_enableAlarm2HoursBCD), (22 bytes).
    Removing dl_rtc_common.o(.ARM.exidx.text.DL_RTC_Common_enableAlarm2HoursBCD), (8 bytes).
    Removing dl_rtc_common.o(.text.DL_RTC_Common_enableAlarm2DayOfWeekBCD), (24 bytes).
    Removing dl_rtc_common.o(.ARM.exidx.text.DL_RTC_Common_enableAlarm2DayOfWeekBCD), (8 bytes).
    Removing dl_rtc_common.o(.text.DL_RTC_Common_enableAlarm2DayOfMonthBCD), (28 bytes).
    Removing dl_rtc_common.o(.ARM.exidx.text.DL_RTC_Common_enableAlarm2DayOfMonthBCD), (8 bytes).
    Removing dl_rtc_common.o(.text.DL_RTC_Common_disableCalendarAlarm2), (82 bytes).
    Removing dl_rtc_common.o(.ARM.exidx.text.DL_RTC_Common_disableCalendarAlarm2), (8 bytes).
    Removing dl_rtc_common.o(.text.DL_RTC_Common_disableAlarm2MinutesBinary), (24 bytes).
    Removing dl_rtc_common.o(.ARM.exidx.text.DL_RTC_Common_disableAlarm2MinutesBinary), (8 bytes).
    Removing dl_rtc_common.o(.text.DL_RTC_Common_disableAlarm2HoursBinary), (22 bytes).
    Removing dl_rtc_common.o(.ARM.exidx.text.DL_RTC_Common_disableAlarm2HoursBinary), (8 bytes).
    Removing dl_rtc_common.o(.text.DL_RTC_Common_disableAlarm2DayOfWeekBinary), (24 bytes).
    Removing dl_rtc_common.o(.ARM.exidx.text.DL_RTC_Common_disableAlarm2DayOfWeekBinary), (8 bytes).
    Removing dl_rtc_common.o(.text.DL_RTC_Common_disableAlarm2DayOfMonthBinary), (28 bytes).
    Removing dl_rtc_common.o(.ARM.exidx.text.DL_RTC_Common_disableAlarm2DayOfMonthBinary), (8 bytes).
    Removing dl_rtc_common.o(.text.DL_RTC_Common_disableAlarm2MinutesBCD), (28 bytes).
    Removing dl_rtc_common.o(.ARM.exidx.text.DL_RTC_Common_disableAlarm2MinutesBCD), (8 bytes).
    Removing dl_rtc_common.o(.text.DL_RTC_Common_disableAlarm2HoursBCD), (22 bytes).
    Removing dl_rtc_common.o(.ARM.exidx.text.DL_RTC_Common_disableAlarm2HoursBCD), (8 bytes).
    Removing dl_rtc_common.o(.text.DL_RTC_Common_disableAlarm2DayOfWeekBCD), (24 bytes).
    Removing dl_rtc_common.o(.ARM.exidx.text.DL_RTC_Common_disableAlarm2DayOfWeekBCD), (8 bytes).
    Removing dl_rtc_common.o(.text.DL_RTC_Common_disableAlarm2DayOfMonthBCD), (28 bytes).
    Removing dl_rtc_common.o(.ARM.exidx.text.DL_RTC_Common_disableAlarm2DayOfMonthBCD), (8 bytes).
    Removing dl_spi.o(.text), (0 bytes).
    Removing dl_spi.o(.text.DL_SPI_init), (72 bytes).
    Removing dl_spi.o(.ARM.exidx.text.DL_SPI_init), (8 bytes).
    Removing dl_spi.o(.text.DL_Common_updateReg), (40 bytes).
    Removing dl_spi.o(.ARM.exidx.text.DL_Common_updateReg), (8 bytes).
    Removing dl_spi.o(.text.DL_SPI_setClockConfig), (36 bytes).
    Removing dl_spi.o(.ARM.exidx.text.DL_SPI_setClockConfig), (8 bytes).
    Removing dl_spi.o(.text.DL_SPI_getClockConfig), (36 bytes).
    Removing dl_spi.o(.ARM.exidx.text.DL_SPI_getClockConfig), (8 bytes).
    Removing dl_spi.o(.text.DL_SPI_receiveDataBlocking8), (32 bytes).
    Removing dl_spi.o(.ARM.exidx.text.DL_SPI_receiveDataBlocking8), (8 bytes).
    Removing dl_spi.o(.text.DL_SPI_isRXFIFOEmpty), (24 bytes).
    Removing dl_spi.o(.ARM.exidx.text.DL_SPI_isRXFIFOEmpty), (8 bytes).
    Removing dl_spi.o(.text.DL_SPI_receiveData8), (20 bytes).
    Removing dl_spi.o(.ARM.exidx.text.DL_SPI_receiveData8), (8 bytes).
    Removing dl_spi.o(.text.DL_SPI_receiveDataBlocking16), (32 bytes).
    Removing dl_spi.o(.ARM.exidx.text.DL_SPI_receiveDataBlocking16), (8 bytes).
    Removing dl_spi.o(.text.DL_SPI_receiveData16), (20 bytes).
    Removing dl_spi.o(.ARM.exidx.text.DL_SPI_receiveData16), (8 bytes).
    Removing dl_spi.o(.text.DL_SPI_receiveDataBlocking32), (32 bytes).
    Removing dl_spi.o(.ARM.exidx.text.DL_SPI_receiveDataBlocking32), (8 bytes).
    Removing dl_spi.o(.text.DL_SPI_receiveData32), (20 bytes).
    Removing dl_spi.o(.ARM.exidx.text.DL_SPI_receiveData32), (8 bytes).
    Removing dl_spi.o(.text.DL_SPI_transmitDataBlocking8), (40 bytes).
    Removing dl_spi.o(.ARM.exidx.text.DL_SPI_transmitDataBlocking8), (8 bytes).
    Removing dl_spi.o(.text.DL_SPI_isTXFIFOFull), (28 bytes).
    Removing dl_spi.o(.ARM.exidx.text.DL_SPI_isTXFIFOFull), (8 bytes).
    Removing dl_spi.o(.text.DL_SPI_transmitData8), (22 bytes).
    Removing dl_spi.o(.ARM.exidx.text.DL_SPI_transmitData8), (8 bytes).
    Removing dl_spi.o(.text.DL_SPI_transmitDataBlocking16), (40 bytes).
    Removing dl_spi.o(.ARM.exidx.text.DL_SPI_transmitDataBlocking16), (8 bytes).
    Removing dl_spi.o(.text.DL_SPI_transmitData16), (22 bytes).
    Removing dl_spi.o(.ARM.exidx.text.DL_SPI_transmitData16), (8 bytes).
    Removing dl_spi.o(.text.DL_SPI_transmitDataBlocking32), (36 bytes).
    Removing dl_spi.o(.ARM.exidx.text.DL_SPI_transmitDataBlocking32), (8 bytes).
    Removing dl_spi.o(.text.DL_SPI_transmitData32), (20 bytes).
    Removing dl_spi.o(.ARM.exidx.text.DL_SPI_transmitData32), (8 bytes).
    Removing dl_spi.o(.text.DL_SPI_receiveDataCheck8), (58 bytes).
    Removing dl_spi.o(.ARM.exidx.text.DL_SPI_receiveDataCheck8), (8 bytes).
    Removing dl_spi.o(.text.DL_SPI_receiveDataCheck16), (58 bytes).
    Removing dl_spi.o(.ARM.exidx.text.DL_SPI_receiveDataCheck16), (8 bytes).
    Removing dl_spi.o(.text.DL_SPI_receiveDataCheck32), (58 bytes).
    Removing dl_spi.o(.ARM.exidx.text.DL_SPI_receiveDataCheck32), (8 bytes).
    Removing dl_spi.o(.text.DL_SPI_transmitDataCheck8), (60 bytes).
    Removing dl_spi.o(.ARM.exidx.text.DL_SPI_transmitDataCheck8), (8 bytes).
    Removing dl_spi.o(.text.DL_SPI_transmitDataCheck16), (60 bytes).
    Removing dl_spi.o(.ARM.exidx.text.DL_SPI_transmitDataCheck16), (8 bytes).
    Removing dl_spi.o(.text.DL_SPI_transmitDataCheck32), (56 bytes).
    Removing dl_spi.o(.ARM.exidx.text.DL_SPI_transmitDataCheck32), (8 bytes).
    Removing dl_spi.o(.text.DL_SPI_drainRXFIFO8), (70 bytes).
    Removing dl_spi.o(.ARM.exidx.text.DL_SPI_drainRXFIFO8), (8 bytes).
    Removing dl_spi.o(.text.DL_SPI_drainRXFIFO16), (72 bytes).
    Removing dl_spi.o(.ARM.exidx.text.DL_SPI_drainRXFIFO16), (8 bytes).
    Removing dl_spi.o(.text.DL_SPI_drainRXFIFO32), (72 bytes).
    Removing dl_spi.o(.ARM.exidx.text.DL_SPI_drainRXFIFO32), (8 bytes).
    Removing dl_spi.o(.text.DL_SPI_fillTXFIFO8), (70 bytes).
    Removing dl_spi.o(.ARM.exidx.text.DL_SPI_fillTXFIFO8), (8 bytes).
    Removing dl_spi.o(.text.DL_SPI_fillTXFIFO16), (72 bytes).
    Removing dl_spi.o(.ARM.exidx.text.DL_SPI_fillTXFIFO16), (8 bytes).
    Removing dl_spi.o(.text.DL_SPI_saveConfiguration), (172 bytes).
    Removing dl_spi.o(.ARM.exidx.text.DL_SPI_saveConfiguration), (8 bytes).
    Removing dl_spi.o(.text.DL_SPI_restoreConfiguration), (200 bytes).
    Removing dl_spi.o(.ARM.exidx.text.DL_SPI_restoreConfiguration), (8 bytes).
    Removing dl_spi.o(.text.DL_SPI_enable), (24 bytes).
    Removing dl_spi.o(.ARM.exidx.text.DL_SPI_enable), (8 bytes).
    Removing dl_spi.o(.text.DL_SPI_fillTXFIFO32), (72 bytes).
    Removing dl_spi.o(.ARM.exidx.text.DL_SPI_fillTXFIFO32), (8 bytes).
    Removing dl_timer.o(.text), (0 bytes).
    Removing dl_timer.o(.text.DL_Timer_setClockConfig), (52 bytes).
    Removing dl_timer.o(.ARM.exidx.text.DL_Timer_setClockConfig), (8 bytes).
    Removing dl_timer.o(.text.DL_Timer_getClockConfig), (52 bytes).
    Removing dl_timer.o(.ARM.exidx.text.DL_Timer_getClockConfig), (8 bytes).
    Removing dl_timer.o(.text.DL_Timer_initTimerMode), (256 bytes).
    Removing dl_timer.o(.ARM.exidx.text.DL_Timer_initTimerMode), (8 bytes).
    Removing dl_timer.o(.text.DL_Timer_setLoadValue), (24 bytes).
    Removing dl_timer.o(.ARM.exidx.text.DL_Timer_setLoadValue), (8 bytes).
    Removing dl_timer.o(.text.DL_Timer_setCounterValueAfterEnable), (32 bytes).
    Removing dl_timer.o(.ARM.exidx.text.DL_Timer_setCounterValueAfterEnable), (8 bytes).
    Removing dl_timer.o(.text.DL_Timer_setCaptureCompareValue), (44 bytes).
    Removing dl_timer.o(.ARM.exidx.text.DL_Timer_setCaptureCompareValue), (8 bytes).
    Removing dl_timer.o(.text.DL_Timer_setCaptureCompareCtl), (60 bytes).
    Removing dl_timer.o(.ARM.exidx.text.DL_Timer_setCaptureCompareCtl), (8 bytes).
    Removing dl_timer.o(.text.DL_Timer_initCaptureMode), (304 bytes).
    Removing dl_timer.o(.ARM.exidx.text.DL_Timer_initCaptureMode), (8 bytes).
    Removing dl_timer.o(.text.DL_Timer_getInChanConfig), (150 bytes).
    Removing dl_timer.o(.ARM.exidx.text.DL_Timer_getInChanConfig), (8 bytes).
    Removing dl_timer.o(.text.DL_Timer_setCaptureCompareInput), (52 bytes).
    Removing dl_timer.o(.ARM.exidx.text.DL_Timer_setCaptureCompareInput), (8 bytes).
    Removing dl_timer.o(.text.DL_Timer_setCCPDirection), (20 bytes).
    Removing dl_timer.o(.ARM.exidx.text.DL_Timer_setCCPDirection), (8 bytes).
    Removing dl_timer.o(.text.DL_Common_updateReg), (40 bytes).
    Removing dl_timer.o(.ARM.exidx.text.DL_Common_updateReg), (8 bytes).
    Removing dl_timer.o(.text.DL_Timer_initCaptureTriggerMode), (180 bytes).
    Removing dl_timer.o(.ARM.exidx.text.DL_Timer_initCaptureTriggerMode), (8 bytes).
    Removing dl_timer.o(.text.DL_Timer_initCaptureCombinedMode), (176 bytes).
    Removing dl_timer.o(.ARM.exidx.text.DL_Timer_initCaptureCombinedMode), (8 bytes).
    Removing dl_timer.o(.text.DL_Timer_getInChanPairConfig), (82 bytes).
    Removing dl_timer.o(.ARM.exidx.text.DL_Timer_getInChanPairConfig), (8 bytes).
    Removing dl_timer.o(.text.DL_Timer_initCompareMode), (184 bytes).
    Removing dl_timer.o(.ARM.exidx.text.DL_Timer_initCompareMode), (8 bytes).
    Removing dl_timer.o(.text.DL_Timer_initCompareTriggerMode), (156 bytes).
    Removing dl_timer.o(.ARM.exidx.text.DL_Timer_initCompareTriggerMode), (8 bytes).
    Removing dl_timer.o(.text.DL_Timer_getCaptureCompareValue), (40 bytes).
    Removing dl_timer.o(.ARM.exidx.text.DL_Timer_getCaptureCompareValue), (8 bytes).
    Removing dl_timer.o(.text.DL_Timer_getCaptureCompareCtl), (48 bytes).
    Removing dl_timer.o(.ARM.exidx.text.DL_Timer_getCaptureCompareCtl), (8 bytes).
    Removing dl_timer.o(.text.DL_Timer_setSecondCompSrcDn), (52 bytes).
    Removing dl_timer.o(.ARM.exidx.text.DL_Timer_setSecondCompSrcDn), (8 bytes).
    Removing dl_timer.o(.text.DL_Timer_getSecondCompSrcDn), (48 bytes).
    Removing dl_timer.o(.ARM.exidx.text.DL_Timer_getSecondCompSrcDn), (8 bytes).
    Removing dl_timer.o(.text.DL_Timer_setSecondCompSrcUp), (52 bytes).
    Removing dl_timer.o(.ARM.exidx.text.DL_Timer_setSecondCompSrcUp), (8 bytes).
    Removing dl_timer.o(.text.DL_Timer_getSecondCompSrcUp), (48 bytes).
    Removing dl_timer.o(.ARM.exidx.text.DL_Timer_getSecondCompSrcUp), (8 bytes).
    Removing dl_timer.o(.text.DL_Timer_setSecondCompActionDn), (60 bytes).
    Removing dl_timer.o(.ARM.exidx.text.DL_Timer_setSecondCompActionDn), (8 bytes).
    Removing dl_timer.o(.text.DL_Timer_getSecondCompActionDn), (52 bytes).
    Removing dl_timer.o(.ARM.exidx.text.DL_Timer_getSecondCompActionDn), (8 bytes).
    Removing dl_timer.o(.text.DL_Timer_setSecondCompActionUp), (52 bytes).
    Removing dl_timer.o(.ARM.exidx.text.DL_Timer_setSecondCompActionUp), (8 bytes).
    Removing dl_timer.o(.text.DL_Timer_getSecondCompActionUp), (48 bytes).
    Removing dl_timer.o(.ARM.exidx.text.DL_Timer_getSecondCompActionUp), (8 bytes).
    Removing dl_timer.o(.text.DL_Timer_enableSuppressionOfCompEvent), (48 bytes).
    Removing dl_timer.o(.ARM.exidx.text.DL_Timer_enableSuppressionOfCompEvent), (8 bytes).
    Removing dl_timer.o(.text.DL_Timer_disableSuppressionOfCompEvent), (48 bytes).
    Removing dl_timer.o(.ARM.exidx.text.DL_Timer_disableSuppressionOfCompEvent), (8 bytes).
    Removing dl_timer.o(.text.DL_Timer_setCaptCompUpdateMethod), (52 bytes).
    Removing dl_timer.o(.ARM.exidx.text.DL_Timer_setCaptCompUpdateMethod), (8 bytes).
    Removing dl_timer.o(.text.DL_Timer_getCaptCompUpdateMethod), (48 bytes).
    Removing dl_timer.o(.ARM.exidx.text.DL_Timer_getCaptCompUpdateMethod), (8 bytes).
    Removing dl_timer.o(.text.DL_Timer_setCaptureCompareOutCtl), (64 bytes).
    Removing dl_timer.o(.ARM.exidx.text.DL_Timer_setCaptureCompareOutCtl), (8 bytes).
    Removing dl_timer.o(.text.DL_Timer_getCaptureCompareOutCtl), (40 bytes).
    Removing dl_timer.o(.ARM.exidx.text.DL_Timer_getCaptureCompareOutCtl), (8 bytes).
    Removing dl_timer.o(.text.DL_Timer_setCaptureCompareAction), (52 bytes).
    Removing dl_timer.o(.ARM.exidx.text.DL_Timer_setCaptureCompareAction), (8 bytes).
    Removing dl_timer.o(.text.DL_Timer_getCaptureCompareAction), (48 bytes).
    Removing dl_timer.o(.ARM.exidx.text.DL_Timer_getCaptureCompareAction), (8 bytes).
    Removing dl_timer.o(.text.DL_Timer_overrideCCPOut), (56 bytes).
    Removing dl_timer.o(.ARM.exidx.text.DL_Timer_overrideCCPOut), (8 bytes).
    Removing dl_timer.o(.text.DL_Timer_getCaptureCompareInput), (40 bytes).
    Removing dl_timer.o(.ARM.exidx.text.DL_Timer_getCaptureCompareInput), (8 bytes).
    Removing dl_timer.o(.text.DL_Timer_setCaptureCompareInputFilter), (54 bytes).
    Removing dl_timer.o(.ARM.exidx.text.DL_Timer_setCaptureCompareInputFilter), (8 bytes).
    Removing dl_timer.o(.text.DL_Timer_getCaptureCompareInputFilter), (42 bytes).
    Removing dl_timer.o(.ARM.exidx.text.DL_Timer_getCaptureCompareInputFilter), (8 bytes).
    Removing dl_timer.o(.text.DL_Timer_enableCaptureCompareInputFilter), (44 bytes).
    Removing dl_timer.o(.ARM.exidx.text.DL_Timer_enableCaptureCompareInputFilter), (8 bytes).
    Removing dl_timer.o(.text.DL_Timer_disableCaptureCompareInputFilter), (44 bytes).
    Removing dl_timer.o(.ARM.exidx.text.DL_Timer_disableCaptureCompareInputFilter), (8 bytes).
    Removing dl_timer.o(.text.DL_Timer_isCaptureCompareInputFilterEnabled), (44 bytes).
    Removing dl_timer.o(.ARM.exidx.text.DL_Timer_isCaptureCompareInputFilterEnabled), (8 bytes).
    Removing dl_timer.o(.text.DL_Timer_saveConfiguration), (596 bytes).
    Removing dl_timer.o(.ARM.exidx.text.DL_Timer_saveConfiguration), (8 bytes).
    Removing dl_timer.o(.text.DL_Timer_restoreConfiguration), (636 bytes).
    Removing dl_timer.o(.ARM.exidx.text.DL_Timer_restoreConfiguration), (8 bytes).
    Removing dl_timer.o(.text.DL_Timer_initFourCCPWMMode), (236 bytes).
    Removing dl_timer.o(.ARM.exidx.text.DL_Timer_initFourCCPWMMode), (8 bytes).
    Removing dl_timer.o(.text.DL_Timer_initTwoCCPWMMode), (272 bytes).
    Removing dl_timer.o(.ARM.exidx.text.DL_Timer_initTwoCCPWMMode), (8 bytes).
    Removing dl_timer.o(.text.DL_Timer_setFaultSourceConfig), (52 bytes).
    Removing dl_timer.o(.ARM.exidx.text.DL_Timer_setFaultSourceConfig), (8 bytes).
    Removing dl_timer.o(.text.DL_Timer_getFaultSourceConfig), (48 bytes).
    Removing dl_timer.o(.ARM.exidx.text.DL_Timer_getFaultSourceConfig), (8 bytes).
    Removing dl_timer.o(.text.DL_TimerA_saveConfiguration), (676 bytes).
    Removing dl_timer.o(.ARM.exidx.text.DL_TimerA_saveConfiguration), (8 bytes).
    Removing dl_timer.o(.text.DL_TimerA_restoreConfiguration), (696 bytes).
    Removing dl_timer.o(.ARM.exidx.text.DL_TimerA_restoreConfiguration), (8 bytes).
    Removing dl_timer.o(.text.DL_Timer_configQEIHallInputMode), (64 bytes).
    Removing dl_timer.o(.ARM.exidx.text.DL_Timer_configQEIHallInputMode), (8 bytes).
    Removing dl_trng.o(.text), (0 bytes).
    Removing dl_trng.o(.text.DL_TRNG_saveConfiguration), (88 bytes).
    Removing dl_trng.o(.ARM.exidx.text.DL_TRNG_saveConfiguration), (8 bytes).
    Removing dl_trng.o(.text.DL_TRNG_restoreConfiguration), (128 bytes).
    Removing dl_trng.o(.ARM.exidx.text.DL_TRNG_restoreConfiguration), (8 bytes).
    Removing dl_trng.o(.text.DL_Common_updateReg), (40 bytes).
    Removing dl_trng.o(.ARM.exidx.text.DL_Common_updateReg), (8 bytes).
    Removing dl_trng.o(.text.DL_TRNG_sendCommand), (36 bytes).
    Removing dl_trng.o(.ARM.exidx.text.DL_TRNG_sendCommand), (8 bytes).
    Removing dl_uart.o(.text), (0 bytes).
    Removing dl_uart.o(.ARM.exidx.text.DL_UART_init), (8 bytes).
    Removing dl_uart.o(.ARM.exidx.text.DL_UART_disable), (8 bytes).
    Removing dl_uart.o(.ARM.exidx.text.DL_Common_updateReg), (8 bytes).
    Removing dl_uart.o(.ARM.exidx.text.DL_UART_setClockConfig), (8 bytes).
    Removing dl_uart.o(.text.DL_UART_getClockConfig), (36 bytes).
    Removing dl_uart.o(.ARM.exidx.text.DL_UART_getClockConfig), (8 bytes).
    Removing dl_uart.o(.text.DL_UART_configBaudRate), (142 bytes).
    Removing dl_uart.o(.ARM.exidx.text.DL_UART_configBaudRate), (8 bytes).
    Removing dl_uart.o(.text.DL_UART_setOversampling), (30 bytes).
    Removing dl_uart.o(.ARM.exidx.text.DL_UART_setOversampling), (8 bytes).
    Removing dl_uart.o(.text.DL_UART_setBaudRateDivisor), (76 bytes).
    Removing dl_uart.o(.ARM.exidx.text.DL_UART_setBaudRateDivisor), (8 bytes).
    Removing dl_uart.o(.text.DL_UART_configIrDAMode), (64 bytes).
    Removing dl_uart.o(.ARM.exidx.text.DL_UART_configIrDAMode), (8 bytes).
    Removing dl_uart.o(.text.DL_UART_setIrDAPulseLength), (74 bytes).
    Removing dl_uart.o(.ARM.exidx.text.DL_UART_setIrDAPulseLength), (8 bytes).
    Removing dl_uart.o(.text.DL_UART_receiveDataBlocking), (32 bytes).
    Removing dl_uart.o(.ARM.exidx.text.DL_UART_receiveDataBlocking), (8 bytes).
    Removing dl_uart.o(.text.DL_UART_isRXFIFOEmpty), (24 bytes).
    Removing dl_uart.o(.ARM.exidx.text.DL_UART_isRXFIFOEmpty), (8 bytes).
    Removing dl_uart.o(.text.DL_UART_receiveData), (20 bytes).
    Removing dl_uart.o(.ARM.exidx.text.DL_UART_receiveData), (8 bytes).
    Removing dl_uart.o(.text.DL_UART_transmitDataBlocking), (40 bytes).
    Removing dl_uart.o(.ARM.exidx.text.DL_UART_transmitDataBlocking), (8 bytes).
    Removing dl_uart.o(.text.DL_UART_isTXFIFOFull), (24 bytes).
    Removing dl_uart.o(.ARM.exidx.text.DL_UART_isTXFIFOFull), (8 bytes).
    Removing dl_uart.o(.text.DL_UART_transmitData), (22 bytes).
    Removing dl_uart.o(.ARM.exidx.text.DL_UART_transmitData), (8 bytes).
    Removing dl_uart.o(.text.DL_UART_receiveDataCheck), (58 bytes).
    Removing dl_uart.o(.ARM.exidx.text.DL_UART_receiveDataCheck), (8 bytes).
    Removing dl_uart.o(.text.DL_UART_transmitDataCheck), (60 bytes).
    Removing dl_uart.o(.ARM.exidx.text.DL_UART_transmitDataCheck), (8 bytes).
    Removing dl_uart.o(.text.DL_UART_drainRXFIFO), (70 bytes).
    Removing dl_uart.o(.ARM.exidx.text.DL_UART_drainRXFIFO), (8 bytes).
    Removing dl_uart.o(.text.DL_UART_fillTXFIFO), (70 bytes).
    Removing dl_uart.o(.ARM.exidx.text.DL_UART_fillTXFIFO), (8 bytes).
    Removing dl_uart.o(.text.DL_UART_Main_saveConfiguration), (200 bytes).
    Removing dl_uart.o(.ARM.exidx.text.DL_UART_Main_saveConfiguration), (8 bytes).
    Removing dl_uart.o(.text.DL_UART_Main_restoreConfiguration), (228 bytes).
    Removing dl_uart.o(.ARM.exidx.text.DL_UART_Main_restoreConfiguration), (8 bytes).
    Removing dl_uart.o(.text.DL_UART_enable), (22 bytes).
    Removing dl_uart.o(.ARM.exidx.text.DL_UART_enable), (8 bytes).
    Removing dl_uart.o(.text.DL_UART_Extend_saveConfiguration), (256 bytes).
    Removing dl_uart.o(.ARM.exidx.text.DL_UART_Extend_saveConfiguration), (8 bytes).
    Removing dl_uart.o(.text.DL_UART_Extend_restoreConfiguration), (276 bytes).
    Removing dl_uart.o(.ARM.exidx.text.DL_UART_Extend_restoreConfiguration), (8 bytes).
    Removing dl_vref.o(.text), (0 bytes).
    Removing dl_vref.o(.text.DL_VREF_configReference), (52 bytes).
    Removing dl_vref.o(.ARM.exidx.text.DL_VREF_configReference), (8 bytes).
    Removing dl_vref.o(.text.DL_VREF_setClockConfig), (36 bytes).
    Removing dl_vref.o(.ARM.exidx.text.DL_VREF_setClockConfig), (8 bytes).
    Removing dl_vref.o(.text.DL_VREF_getClockConfig), (36 bytes).
    Removing dl_vref.o(.ARM.exidx.text.DL_VREF_getClockConfig), (8 bytes).
    Removing dl_factoryregion.o(.text), (0 bytes).
    Removing dl_interrupt.o(.text), (0 bytes).
    Removing dl_interrupt.o(.text.DL_Interrupt_registerInterrupt), (92 bytes).
    Removing dl_interrupt.o(.ARM.exidx.text.DL_Interrupt_registerInterrupt), (8 bytes).
    Removing dl_interrupt.o(.text.DL_Interrupt_unregisterInterrupt), (28 bytes).
    Removing dl_interrupt.o(.ARM.exidx.text.DL_Interrupt_unregisterInterrupt), (8 bytes).
    Removing dl_interrupt.o(.vtable), (192 bytes).
    Removing dl_sysctl_mspm0c110x.o(.text), (0 bytes).
    Removing dl_sysctl_mspm0g1x0x_g3x0x.o(.text), (0 bytes).
    Removing dl_sysctl_mspm0g1x0x_g3x0x.o(.text.DL_SYSCTL_configSYSPLL), (236 bytes).
    Removing dl_sysctl_mspm0g1x0x_g3x0x.o(.ARM.exidx.text.DL_SYSCTL_configSYSPLL), (8 bytes).
    Removing dl_sysctl_mspm0g1x0x_g3x0x.o(.text.DL_SYSCTL_disableSYSPLL), (20 bytes).
    Removing dl_sysctl_mspm0g1x0x_g3x0x.o(.ARM.exidx.text.DL_SYSCTL_disableSYSPLL), (8 bytes).
    Removing dl_sysctl_mspm0g1x0x_g3x0x.o(.text.DL_SYSCTL_getClockStatus), (12 bytes).
    Removing dl_sysctl_mspm0g1x0x_g3x0x.o(.ARM.exidx.text.DL_SYSCTL_getClockStatus), (8 bytes).
    Removing dl_sysctl_mspm0g1x0x_g3x0x.o(.text.DL_Common_updateReg), (40 bytes).
    Removing dl_sysctl_mspm0g1x0x_g3x0x.o(.ARM.exidx.text.DL_Common_updateReg), (8 bytes).
    Removing dl_sysctl_mspm0g1x0x_g3x0x.o(.text.DL_CORE_getInstructionConfig), (16 bytes).
    Removing dl_sysctl_mspm0g1x0x_g3x0x.o(.ARM.exidx.text.DL_CORE_getInstructionConfig), (8 bytes).
    Removing dl_sysctl_mspm0g1x0x_g3x0x.o(.text.DL_CORE_configInstruction), (32 bytes).
    Removing dl_sysctl_mspm0g1x0x_g3x0x.o(.ARM.exidx.text.DL_CORE_configInstruction), (8 bytes).
    Removing dl_sysctl_mspm0g1x0x_g3x0x.o(.text.DL_SYSCTL_setLFCLKSourceLFXT), (104 bytes).
    Removing dl_sysctl_mspm0g1x0x_g3x0x.o(.ARM.exidx.text.DL_SYSCTL_setLFCLKSourceLFXT), (8 bytes).
    Removing dl_sysctl_mspm0g1x0x_g3x0x.o(.text.DL_SYSCTL_switchMCLKfromSYSOSCtoLFCLK), (100 bytes).
    Removing dl_sysctl_mspm0g1x0x_g3x0x.o(.ARM.exidx.text.DL_SYSCTL_switchMCLKfromSYSOSCtoLFCLK), (8 bytes).
    Removing dl_sysctl_mspm0g1x0x_g3x0x.o(.text.DL_SYSCTL_setSYSOSCFreq), (28 bytes).
    Removing dl_sysctl_mspm0g1x0x_g3x0x.o(.ARM.exidx.text.DL_SYSCTL_setSYSOSCFreq), (8 bytes).
    Removing dl_sysctl_mspm0g1x0x_g3x0x.o(.text.DL_SYSCTL_switchMCLKfromLFCLKtoSYSOSC), (52 bytes).
    Removing dl_sysctl_mspm0g1x0x_g3x0x.o(.ARM.exidx.text.DL_SYSCTL_switchMCLKfromLFCLKtoSYSOSC), (8 bytes).
    Removing dl_sysctl_mspm0g1x0x_g3x0x.o(.text.DL_SYSCTL_switchMCLKfromSYSOSCtoHSCLK), (76 bytes).
    Removing dl_sysctl_mspm0g1x0x_g3x0x.o(.ARM.exidx.text.DL_SYSCTL_switchMCLKfromSYSOSCtoHSCLK), (8 bytes).
    Removing dl_sysctl_mspm0g1x0x_g3x0x.o(.text.DL_SYSCTL_setHSCLKSource), (24 bytes).
    Removing dl_sysctl_mspm0g1x0x_g3x0x.o(.ARM.exidx.text.DL_SYSCTL_setHSCLKSource), (8 bytes).
    Removing dl_sysctl_mspm0g1x0x_g3x0x.o(.text.DL_SYSCTL_switchMCLKfromHSCLKtoSYSOSC), (36 bytes).
    Removing dl_sysctl_mspm0g1x0x_g3x0x.o(.ARM.exidx.text.DL_SYSCTL_switchMCLKfromHSCLKtoSYSOSC), (8 bytes).
    Removing dl_sysctl_mspm0g1x0x_g3x0x.o(.text.DL_SYSCTL_setHFCLKSourceHFXT), (72 bytes).
    Removing dl_sysctl_mspm0g1x0x_g3x0x.o(.ARM.exidx.text.DL_SYSCTL_setHFCLKSourceHFXT), (8 bytes).
    Removing dl_sysctl_mspm0g1x0x_g3x0x.o(.text.DL_SYSCTL_disableHFXT), (16 bytes).
    Removing dl_sysctl_mspm0g1x0x_g3x0x.o(.ARM.exidx.text.DL_SYSCTL_disableHFXT), (8 bytes).
    Removing dl_sysctl_mspm0g1x0x_g3x0x.o(.text.DL_SYSCTL_setHFXTFrequencyRange), (32 bytes).
    Removing dl_sysctl_mspm0g1x0x_g3x0x.o(.ARM.exidx.text.DL_SYSCTL_setHFXTFrequencyRange), (8 bytes).
    Removing dl_sysctl_mspm0g1x0x_g3x0x.o(.text.DL_SYSCTL_setHFXTStartupTime), (24 bytes).
    Removing dl_sysctl_mspm0g1x0x_g3x0x.o(.ARM.exidx.text.DL_SYSCTL_setHFXTStartupTime), (8 bytes).
    Removing dl_sysctl_mspm0g1x0x_g3x0x.o(.text.DL_SYSCTL_enableHFCLKStartupMonitor), (20 bytes).
    Removing dl_sysctl_mspm0g1x0x_g3x0x.o(.ARM.exidx.text.DL_SYSCTL_enableHFCLKStartupMonitor), (8 bytes).
    Removing dl_sysctl_mspm0g1x0x_g3x0x.o(.text.DL_SYSCTL_setHFCLKSourceHFXTParams), (100 bytes).
    Removing dl_sysctl_mspm0g1x0x_g3x0x.o(.ARM.exidx.text.DL_SYSCTL_setHFCLKSourceHFXTParams), (8 bytes).
    Removing dl_sysctl_mspm0g1x0x_g3x0x.o(.text.DL_SYSCTL_disableHFCLKStartupMonitor), (20 bytes).
    Removing dl_sysctl_mspm0g1x0x_g3x0x.o(.ARM.exidx.text.DL_SYSCTL_disableHFCLKStartupMonitor), (8 bytes).
    Removing dl_sysctl_mspm0g1x0x_g3x0x.o(.text.DL_SYSCTL_configFCC), (40 bytes).
    Removing dl_sysctl_mspm0g1x0x_g3x0x.o(.ARM.exidx.text.DL_SYSCTL_configFCC), (8 bytes).
    Removing dl_sysctl_mspm0g1x0x_g3x0x.o(.text.DL_SYSCTL_getPowerPolicyRUNSLEEP), (96 bytes).
    Removing dl_sysctl_mspm0g1x0x_g3x0x.o(.ARM.exidx.text.DL_SYSCTL_getPowerPolicyRUNSLEEP), (8 bytes).
    Removing dl_sysctl_mspm0g1x0x_g3x0x.o(.text.DL_SYSCTL_getPowerPolicySTOP), (104 bytes).
    Removing dl_sysctl_mspm0g1x0x_g3x0x.o(.ARM.exidx.text.DL_SYSCTL_getPowerPolicySTOP), (8 bytes).
    Removing dl_sysctl_mspm0g1x0x_g3x0x.o(.text.DL_SYSCTL_getPowerPolicySTANDBY), (80 bytes).
    Removing dl_sysctl_mspm0g1x0x_g3x0x.o(.ARM.exidx.text.DL_SYSCTL_getPowerPolicySTANDBY), (8 bytes).
    Removing dl_sysctl_mspm0gx51x.o(.text), (0 bytes).
    Removing dl_sysctl_mspm0l11xx_l13xx.o(.text), (0 bytes).
    Removing dl_sysctl_mspm0l122x_l222x.o(.text), (0 bytes).
    Removing delay.o(.text), (0 bytes).
    Removing delay.o(.ARM.exidx.text.delay_us), (8 bytes).
    Removing delay.o(.ARM.exidx.text.delay_ms), (8 bytes).
    Removing delay.o(.bss.delay_times), (4 bytes).
    Removing usart.o(.text), (0 bytes).
    Removing usart.o(.ARM.exidx.text.USART_Init), (8 bytes).
    Removing usart.o(.ARM.exidx.text.__NVIC_ClearPendingIRQ), (8 bytes).
    Removing usart.o(.ARM.exidx.text.__NVIC_EnableIRQ), (8 bytes).
    Removing usart.o(.text.USART_SendData), (44 bytes).
    Removing usart.o(.ARM.exidx.text.USART_SendData), (8 bytes).
    Removing usart.o(.ARM.exidx.text.DL_UART_isBusy), (8 bytes).
    Removing usart.o(.ARM.exidx.text.DL_UART_transmitData), (8 bytes).
    Removing usart.o(.ARM.exidx.text.fputc), (8 bytes).
    Removing usart.o(.text.fputs), (80 bytes).
    Removing usart.o(.ARM.exidx.text.fputs), (8 bytes).
    Removing usart.o(.text.puts), (10 bytes).
    Removing usart.o(.ARM.exidx.text.puts), (8 bytes).
    Removing usart.o(.ARM.exidx.text.UART0_IRQHandler), (8 bytes).
    Removing usart.o(.ARM.exidx.text.DL_UART_getPendingInterrupt), (8 bytes).
    Removing usart.o(.ARM.exidx.text.DL_UART_receiveData), (8 bytes).
    Removing grayscale_sensor.o(.text), (0 bytes).
    Removing grayscale_sensor.o(.text.Grayscale_Sensor_Init), (2 bytes).
    Removing grayscale_sensor.o(.ARM.exidx.text.Grayscale_Sensor_Init), (8 bytes).
    Removing grayscale_sensor.o(.ARM.exidx.text.Grayscale_Sensor_Read_All), (8 bytes).
    Removing grayscale_sensor.o(.ARM.exidx.text._select_channel), (8 bytes).
    Removing grayscale_sensor.o(.ARM.exidx.text._delay_us), (8 bytes).
    Removing grayscale_sensor.o(.ARM.exidx.text.Read_OUT_value), (8 bytes).
    Removing grayscale_sensor.o(.text.Grayscale_Sensor_Read_Single), (58 bytes).
    Removing grayscale_sensor.o(.ARM.exidx.text.Grayscale_Sensor_Read_Single), (8 bytes).
    Removing grayscale_sensor.o(.ARM.exidx.text.DL_GPIO_setPins), (8 bytes).
    Removing grayscale_sensor.o(.ARM.exidx.text.DL_GPIO_clearPins), (8 bytes).
    Removing grayscale_sensor.o(.ARM.exidx.text.DL_GPIO_readPins), (8 bytes).

1132 unused section(s) (total 41426 bytes) removed from the image.

==============================================================================

Image Symbol Table

    Local Symbols

    Symbol Name                              Value     Ov Type        Size  Object(Section)

    ../clib/division.s                       0x00000000   Number         0  aeabi_sdiv.o ABSOLUTE
    ../clib/division.s                       0x00000000   Number         0  aeabi_sdiv_div0.o ABSOLUTE
    ../clib/microlib/division.c              0x00000000   Number         0  uidiv.o ABSOLUTE
    ../clib/microlib/division.c              0x00000000   Number         0  uidiv_div0.o ABSOLUTE
    ../clib/microlib/division.c              0x00000000   Number         0  idiv_div0.o ABSOLUTE
    ../clib/microlib/division.c              0x00000000   Number         0  idiv0.o ABSOLUTE
    ../clib/microlib/division.c              0x00000000   Number         0  uldiv.o ABSOLUTE
    ../clib/microlib/init/entry.s            0x00000000   Number         0  entry.o ABSOLUTE
    ../clib/microlib/init/entry.s            0x00000000   Number         0  entry2.o ABSOLUTE
    ../clib/microlib/init/entry.s            0x00000000   Number         0  entry5.o ABSOLUTE
    ../clib/microlib/init/entry.s            0x00000000   Number         0  entry7a.o ABSOLUTE
    ../clib/microlib/init/entry.s            0x00000000   Number         0  entry7b.o ABSOLUTE
    ../clib/microlib/init/entry.s            0x00000000   Number         0  entry8a.o ABSOLUTE
    ../clib/microlib/init/entry.s            0x00000000   Number         0  entry8b.o ABSOLUTE
    ../clib/microlib/init/entry.s            0x00000000   Number         0  entry9a.o ABSOLUTE
    ../clib/microlib/init/entry.s            0x00000000   Number         0  entry9b.o ABSOLUTE
    ../clib/microlib/init/entry.s            0x00000000   Number         0  entry10a.o ABSOLUTE
    ../clib/microlib/init/entry.s            0x00000000   Number         0  entry10b.o ABSOLUTE
    ../clib/microlib/init/entry.s            0x00000000   Number         0  entry11a.o ABSOLUTE
    ../clib/microlib/init/entry.s            0x00000000   Number         0  entry11b.o ABSOLUTE
    ../clib/microlib/longlong.c              0x00000000   Number         0  llshl.o ABSOLUTE
    ../clib/microlib/longlong.c              0x00000000   Number         0  llushr.o ABSOLUTE
    ../clib/microlib/longlong.c              0x00000000   Number         0  llsshr.o ABSOLUTE
    ../clib/microlib/printf/printf.c         0x00000000   Number         0  printfa.o ABSOLUTE
    ../clib/microlib/stdio/streams.c         0x00000000   Number         0  stdout.o ABSOLUTE
    ../clib/microlib/stubs.s                 0x00000000   Number         0  iusefp.o ABSOLUTE
    ../fplib/microlib/fpadd.c                0x00000000   Number         0  dadd.o ABSOLUTE
    ../fplib/microlib/fpdiv.c                0x00000000   Number         0  ddiv.o ABSOLUTE
    ../fplib/microlib/fpepilogue.c           0x00000000   Number         0  depilogue.o ABSOLUTE
    ../fplib/microlib/fpfix.c                0x00000000   Number         0  dfixul.o ABSOLUTE
    ../fplib/microlib/fpmul.c                0x00000000   Number         0  dmul.o ABSOLUTE
    cdrcmple.s                               0x00000000   Number         0  cdrcmple.o ABSOLUTE
    dc.s                                     0x00000000   Number         0  dc.o ABSOLUTE
    delay.c                                  0x00000000   Number         0  delay.o ABSOLUTE
    dl_adc12.c                               0x00000000   Number         0  dl_adc12.o ABSOLUTE
    dl_aes.c                                 0x00000000   Number         0  dl_aes.o ABSOLUTE
    dl_aesadv.c                              0x00000000   Number         0  dl_aesadv.o ABSOLUTE
    dl_common.c                              0x00000000   Number         0  dl_common.o ABSOLUTE
    dl_crc.c                                 0x00000000   Number         0  dl_crc.o ABSOLUTE
    dl_crcp.c                                0x00000000   Number         0  dl_crcp.o ABSOLUTE
    dl_dac12.c                               0x00000000   Number         0  dl_dac12.o ABSOLUTE
    dl_dma.c                                 0x00000000   Number         0  dl_dma.o ABSOLUTE
    dl_factoryregion.c                       0x00000000   Number         0  dl_factoryregion.o ABSOLUTE
    dl_flashctl.c                            0x00000000   Number         0  dl_flashctl.o ABSOLUTE
    dl_i2c.c                                 0x00000000   Number         0  dl_i2c.o ABSOLUTE
    dl_interrupt.c                           0x00000000   Number         0  dl_interrupt.o ABSOLUTE
    dl_keystorectl.c                         0x00000000   Number         0  dl_keystorectl.o ABSOLUTE
    dl_lcd.c                                 0x00000000   Number         0  dl_lcd.o ABSOLUTE
    dl_lfss.c                                0x00000000   Number         0  dl_lfss.o ABSOLUTE
    dl_mathacl.c                             0x00000000   Number         0  dl_mathacl.o ABSOLUTE
    dl_mcan.c                                0x00000000   Number         0  dl_mcan.o ABSOLUTE
    dl_opa.c                                 0x00000000   Number         0  dl_opa.o ABSOLUTE
    dl_rtc_common.c                          0x00000000   Number         0  dl_rtc_common.o ABSOLUTE
    dl_spi.c                                 0x00000000   Number         0  dl_spi.o ABSOLUTE
    dl_sysctl_mspm0c110x.c                   0x00000000   Number         0  dl_sysctl_mspm0c110x.o ABSOLUTE
    dl_sysctl_mspm0g1x0x_g3x0x.c             0x00000000   Number         0  dl_sysctl_mspm0g1x0x_g3x0x.o ABSOLUTE
    dl_sysctl_mspm0gx51x.c                   0x00000000   Number         0  dl_sysctl_mspm0gx51x.o ABSOLUTE
    dl_sysctl_mspm0l11xx_l13xx.c             0x00000000   Number         0  dl_sysctl_mspm0l11xx_l13xx.o ABSOLUTE
    dl_sysctl_mspm0l122x_l222x.c             0x00000000   Number         0  dl_sysctl_mspm0l122x_l222x.o ABSOLUTE
    dl_timer.c                               0x00000000   Number         0  dl_timer.o ABSOLUTE
    dl_trng.c                                0x00000000   Number         0  dl_trng.o ABSOLUTE
    dl_uart.c                                0x00000000   Number         0  dl_uart.o ABSOLUTE
    dl_vref.c                                0x00000000   Number         0  dl_vref.o ABSOLUTE
    empty.c                                  0x00000000   Number         0  empty.o ABSOLUTE
    grayscale_sensor.c                       0x00000000   Number         0  grayscale_sensor.o ABSOLUTE
    handlers.s                               0x00000000   Number         0  handlers.o ABSOLUTE
    init.s                                   0x00000000   Number         0  init.o ABSOLUTE
    startup_mspm0g350x_uvision.s             0x00000000   Number         0  startup_mspm0g350x_uvision.o ABSOLUTE
    ti_msp_dl_config.c                       0x00000000   Number         0  ti_msp_dl_config.o ABSOLUTE
    usart.c                                  0x00000000   Number         0  usart.o ABSOLUTE
    RESET                                    0x00000000   Section      192  startup_mspm0g350x_uvision.o(RESET)
    .ARM.Collect$$$$00000000                 0x000000c0   Section        0  entry.o(.ARM.Collect$$$$00000000)
    .ARM.Collect$$$$00000001                 0x000000c0   Section        4  entry2.o(.ARM.Collect$$$$00000001)
    .ARM.Collect$$$$00000004                 0x000000c4   Section        4  entry5.o(.ARM.Collect$$$$00000004)
    .ARM.Collect$$$$00000008                 0x000000c8   Section        0  entry7b.o(.ARM.Collect$$$$00000008)
    .ARM.Collect$$$$0000000A                 0x000000c8   Section        0  entry8b.o(.ARM.Collect$$$$0000000A)
    .ARM.Collect$$$$0000000B                 0x000000c8   Section        8  entry9a.o(.ARM.Collect$$$$0000000B)
    __lit__00000000                          0x000000d0   Data           4  entry2.o(.ARM.Collect$$$$00002712)
    .ARM.Collect$$$$0000000D                 0x000000d0   Section        0  entry10a.o(.ARM.Collect$$$$0000000D)
    .ARM.Collect$$$$0000000F                 0x000000d0   Section        0  entry11a.o(.ARM.Collect$$$$0000000F)
    .ARM.Collect$$$$00002712                 0x000000d0   Section        4  entry2.o(.ARM.Collect$$$$00002712)
    .text                                    0x000000d4   Section       20  startup_mspm0g350x_uvision.o(.text)
    .text                                    0x000000e8   Section        0  uidiv_div0.o(.text)
    .text                                    0x00000126   Section        0  uldiv.o(.text)
    .text                                    0x00000186   Section        0  iusefp.o(.text)
    .text                                    0x00000188   Section        0  dadd.o(.text)
    .text                                    0x000002ec   Section        0  dmul.o(.text)
    .text                                    0x000003bc   Section        0  ddiv.o(.text)
    .text                                    0x000004ac   Section        0  dfixul.o(.text)
    .text                                    0x000004ec   Section       40  cdrcmple.o(.text)
    .text                                    0x00000518   Section       36  init.o(.text)
    .text                                    0x0000053c   Section        0  llshl.o(.text)
    .text                                    0x0000055c   Section        0  llushr.o(.text)
    .text                                    0x0000057e   Section        0  llsshr.o(.text)
    .text                                    0x000005a4   Section        0  depilogue.o(.text)
    [Anonymous Symbol]                       0x00000662   Section        0  dl_common.o(.text.DL_Common_delayCycles)
    DL_Common_updateReg                      0x00000677   Thumb Code    40  ti_msp_dl_config.o(.text.DL_Common_updateReg)
    [Anonymous Symbol]                       0x00000676   Section        0  ti_msp_dl_config.o(.text.DL_Common_updateReg)
    DL_Common_updateReg                      0x0000069f   Thumb Code    40  dl_uart.o(.text.DL_Common_updateReg)
    [Anonymous Symbol]                       0x0000069e   Section        0  dl_uart.o(.text.DL_Common_updateReg)
    DL_GPIO_clearPins                        0x000006c7   Thumb Code    20  ti_msp_dl_config.o(.text.DL_GPIO_clearPins)
    [Anonymous Symbol]                       0x000006c6   Section        0  ti_msp_dl_config.o(.text.DL_GPIO_clearPins)
    DL_GPIO_clearPins                        0x000006db   Thumb Code    20  grayscale_sensor.o(.text.DL_GPIO_clearPins)
    [Anonymous Symbol]                       0x000006da   Section        0  grayscale_sensor.o(.text.DL_GPIO_clearPins)
    DL_GPIO_enableOutput                     0x000006f1   Thumb Code    20  ti_msp_dl_config.o(.text.DL_GPIO_enableOutput)
    [Anonymous Symbol]                       0x000006f0   Section        0  ti_msp_dl_config.o(.text.DL_GPIO_enableOutput)
    __arm_cp.15_0                            0x00000704   Number         4  ti_msp_dl_config.o(.text.DL_GPIO_enableOutput)
    DL_GPIO_enablePower                      0x00000709   Thumb Code    20  ti_msp_dl_config.o(.text.DL_GPIO_enablePower)
    [Anonymous Symbol]                       0x00000708   Section        0  ti_msp_dl_config.o(.text.DL_GPIO_enablePower)
    DL_GPIO_initDigitalInputFeatures         0x0000071d   Thumb Code    44  ti_msp_dl_config.o(.text.DL_GPIO_initDigitalInputFeatures)
    [Anonymous Symbol]                       0x0000071c   Section        0  ti_msp_dl_config.o(.text.DL_GPIO_initDigitalInputFeatures)
    __arm_cp.13_0                            0x00000748   Number         4  ti_msp_dl_config.o(.text.DL_GPIO_initDigitalInputFeatures)
    DL_GPIO_initDigitalOutput                0x0000074d   Thumb Code    20  ti_msp_dl_config.o(.text.DL_GPIO_initDigitalOutput)
    [Anonymous Symbol]                       0x0000074c   Section        0  ti_msp_dl_config.o(.text.DL_GPIO_initDigitalOutput)
    DL_GPIO_initPeripheralInputFunction      0x00000761   Thumb Code    24  ti_msp_dl_config.o(.text.DL_GPIO_initPeripheralInputFunction)
    [Anonymous Symbol]                       0x00000760   Section        0  ti_msp_dl_config.o(.text.DL_GPIO_initPeripheralInputFunction)
    __arm_cp.11_0                            0x00000778   Number         4  ti_msp_dl_config.o(.text.DL_GPIO_initPeripheralInputFunction)
    DL_GPIO_initPeripheralOutputFunction     0x0000077d   Thumb Code    24  ti_msp_dl_config.o(.text.DL_GPIO_initPeripheralOutputFunction)
    [Anonymous Symbol]                       0x0000077c   Section        0  ti_msp_dl_config.o(.text.DL_GPIO_initPeripheralOutputFunction)
    __arm_cp.10_0                            0x00000794   Number         4  ti_msp_dl_config.o(.text.DL_GPIO_initPeripheralOutputFunction)
    DL_GPIO_readPins                         0x00000799   Thumb Code    22  grayscale_sensor.o(.text.DL_GPIO_readPins)
    [Anonymous Symbol]                       0x00000798   Section        0  grayscale_sensor.o(.text.DL_GPIO_readPins)
    DL_GPIO_reset                            0x000007b1   Thumb Code    16  ti_msp_dl_config.o(.text.DL_GPIO_reset)
    [Anonymous Symbol]                       0x000007b0   Section        0  ti_msp_dl_config.o(.text.DL_GPIO_reset)
    DL_GPIO_setPins                          0x000007c1   Thumb Code    20  grayscale_sensor.o(.text.DL_GPIO_setPins)
    [Anonymous Symbol]                       0x000007c0   Section        0  grayscale_sensor.o(.text.DL_GPIO_setPins)
    __arm_cp.6_0                             0x000007d4   Number         4  grayscale_sensor.o(.text.DL_GPIO_setPins)
    DL_SYSCTL_disableHFXT                    0x000007d9   Thumb Code    12  ti_msp_dl_config.o(.text.DL_SYSCTL_disableHFXT)
    [Anonymous Symbol]                       0x000007d8   Section        0  ti_msp_dl_config.o(.text.DL_SYSCTL_disableHFXT)
    DL_SYSCTL_disableSYSPLL                  0x000007e5   Thumb Code    16  ti_msp_dl_config.o(.text.DL_SYSCTL_disableSYSPLL)
    [Anonymous Symbol]                       0x000007e4   Section        0  ti_msp_dl_config.o(.text.DL_SYSCTL_disableSYSPLL)
    __arm_cp.19_0                            0x000007f4   Number         4  ti_msp_dl_config.o(.text.DL_SYSCTL_disableSYSPLL)
    DL_SYSCTL_enableMFCLK                    0x000007f9   Thumb Code    16  ti_msp_dl_config.o(.text.DL_SYSCTL_enableMFCLK)
    [Anonymous Symbol]                       0x000007f8   Section        0  ti_msp_dl_config.o(.text.DL_SYSCTL_enableMFCLK)
    __arm_cp.20_0                            0x00000808   Number         4  ti_msp_dl_config.o(.text.DL_SYSCTL_enableMFCLK)
    DL_SYSCTL_setBORThreshold                0x0000080d   Thumb Code    20  ti_msp_dl_config.o(.text.DL_SYSCTL_setBORThreshold)
    [Anonymous Symbol]                       0x0000080c   Section        0  ti_msp_dl_config.o(.text.DL_SYSCTL_setBORThreshold)
    __arm_cp.16_0                            0x00000820   Number         4  ti_msp_dl_config.o(.text.DL_SYSCTL_setBORThreshold)
    DL_SYSCTL_setSYSOSCFreq                  0x00000825   Thumb Code    24  ti_msp_dl_config.o(.text.DL_SYSCTL_setSYSOSCFreq)
    [Anonymous Symbol]                       0x00000824   Section        0  ti_msp_dl_config.o(.text.DL_SYSCTL_setSYSOSCFreq)
    __arm_cp.17_0                            0x0000083c   Number         4  ti_msp_dl_config.o(.text.DL_SYSCTL_setSYSOSCFreq)
    DL_SYSTICK_enable                        0x00000841   Thumb Code    12  ti_msp_dl_config.o(.text.DL_SYSTICK_enable)
    [Anonymous Symbol]                       0x00000840   Section        0  ti_msp_dl_config.o(.text.DL_SYSTICK_enable)
    DL_SYSTICK_init                          0x0000084d   Thumb Code    28  ti_msp_dl_config.o(.text.DL_SYSTICK_init)
    [Anonymous Symbol]                       0x0000084c   Section        0  ti_msp_dl_config.o(.text.DL_SYSTICK_init)
    __arm_cp.25_0                            0x00000868   Number         4  ti_msp_dl_config.o(.text.DL_SYSTICK_init)
    __arm_cp.25_1                            0x0000086c   Number         4  ti_msp_dl_config.o(.text.DL_SYSTICK_init)
    __arm_cp.25_2                            0x00000870   Number         4  ti_msp_dl_config.o(.text.DL_SYSTICK_init)
    DL_UART_disable                          0x00000875   Thumb Code    22  dl_uart.o(.text.DL_UART_disable)
    [Anonymous Symbol]                       0x00000874   Section        0  dl_uart.o(.text.DL_UART_disable)
    DL_UART_enable                           0x0000088b   Thumb Code    22  ti_msp_dl_config.o(.text.DL_UART_enable)
    [Anonymous Symbol]                       0x0000088a   Section        0  ti_msp_dl_config.o(.text.DL_UART_enable)
    DL_UART_enableInterrupt                  0x000008a1   Thumb Code    24  ti_msp_dl_config.o(.text.DL_UART_enableInterrupt)
    [Anonymous Symbol]                       0x000008a0   Section        0  ti_msp_dl_config.o(.text.DL_UART_enableInterrupt)
    __arm_cp.23_0                            0x000008b8   Number         4  ti_msp_dl_config.o(.text.DL_UART_enableInterrupt)
    DL_UART_enablePower                      0x000008bd   Thumb Code    20  ti_msp_dl_config.o(.text.DL_UART_enablePower)
    [Anonymous Symbol]                       0x000008bc   Section        0  ti_msp_dl_config.o(.text.DL_UART_enablePower)
    __arm_cp.9_0                             0x000008d0   Number         4  ti_msp_dl_config.o(.text.DL_UART_enablePower)
    DL_UART_getPendingInterrupt              0x000008d5   Thumb Code    18  usart.o(.text.DL_UART_getPendingInterrupt)
    [Anonymous Symbol]                       0x000008d4   Section        0  usart.o(.text.DL_UART_getPendingInterrupt)
    [Anonymous Symbol]                       0x000008e8   Section        0  dl_uart.o(.text.DL_UART_init)
    __arm_cp.0_0                             0x0000092c   Number         4  dl_uart.o(.text.DL_UART_init)
    DL_UART_isBusy                           0x00000931   Thumb Code    20  usart.o(.text.DL_UART_isBusy)
    [Anonymous Symbol]                       0x00000930   Section        0  usart.o(.text.DL_UART_isBusy)
    __arm_cp.4_0                             0x00000944   Number         4  usart.o(.text.DL_UART_isBusy)
    DL_UART_receiveData                      0x00000949   Thumb Code    16  usart.o(.text.DL_UART_receiveData)
    [Anonymous Symbol]                       0x00000948   Section        0  usart.o(.text.DL_UART_receiveData)
    __arm_cp.11_0                            0x00000958   Number         4  usart.o(.text.DL_UART_receiveData)
    DL_UART_reset                            0x0000095d   Thumb Code    16  ti_msp_dl_config.o(.text.DL_UART_reset)
    [Anonymous Symbol]                       0x0000095c   Section        0  ti_msp_dl_config.o(.text.DL_UART_reset)
    __arm_cp.7_0                             0x0000096c   Number         4  ti_msp_dl_config.o(.text.DL_UART_reset)
    __arm_cp.7_1                             0x00000970   Number         4  ti_msp_dl_config.o(.text.DL_UART_reset)
    DL_UART_setBaudRateDivisor               0x00000975   Thumb Code    60  ti_msp_dl_config.o(.text.DL_UART_setBaudRateDivisor)
    [Anonymous Symbol]                       0x00000974   Section        0  ti_msp_dl_config.o(.text.DL_UART_setBaudRateDivisor)
    __arm_cp.22_0                            0x000009b0   Number         4  ti_msp_dl_config.o(.text.DL_UART_setBaudRateDivisor)
    __arm_cp.22_1                            0x000009b4   Number         4  ti_msp_dl_config.o(.text.DL_UART_setBaudRateDivisor)
    __arm_cp.22_2                            0x000009b8   Number         4  ti_msp_dl_config.o(.text.DL_UART_setBaudRateDivisor)
    __arm_cp.22_3                            0x000009bc   Number         4  ti_msp_dl_config.o(.text.DL_UART_setBaudRateDivisor)
    [Anonymous Symbol]                       0x000009c0   Section        0  dl_uart.o(.text.DL_UART_setClockConfig)
    __arm_cp.3_0                             0x000009e0   Number         4  dl_uart.o(.text.DL_UART_setClockConfig)
    DL_UART_setOversampling                  0x000009e5   Thumb Code    30  ti_msp_dl_config.o(.text.DL_UART_setOversampling)
    [Anonymous Symbol]                       0x000009e4   Section        0  ti_msp_dl_config.o(.text.DL_UART_setOversampling)
    DL_UART_transmitData                     0x00000a03   Thumb Code    22  usart.o(.text.DL_UART_transmitData)
    [Anonymous Symbol]                       0x00000a02   Section        0  usart.o(.text.DL_UART_transmitData)
    [Anonymous Symbol]                       0x00000a18   Section        0  grayscale_sensor.o(.text.Grayscale_Sensor_Read_All)
    Read_OUT_value                           0x00000a61   Thumb Code    20  grayscale_sensor.o(.text.Read_OUT_value)
    [Anonymous Symbol]                       0x00000a60   Section        0  grayscale_sensor.o(.text.Read_OUT_value)
    [Anonymous Symbol]                       0x00000a74   Section        0  ti_msp_dl_config.o(.text.SYSCFG_DL_GPIO_init)
    [Anonymous Symbol]                       0x00000ac8   Section        0  ti_msp_dl_config.o(.text.SYSCFG_DL_SYSCTL_init)
    [Anonymous Symbol]                       0x00000aea   Section        0  ti_msp_dl_config.o(.text.SYSCFG_DL_SYSTICK_init)
    [Anonymous Symbol]                       0x00000af8   Section        0  ti_msp_dl_config.o(.text.SYSCFG_DL_UART_0_init)
    __arm_cp.4_0                             0x00000b34   Number         4  ti_msp_dl_config.o(.text.SYSCFG_DL_UART_0_init)
    __arm_cp.4_2                             0x00000b38   Number         4  ti_msp_dl_config.o(.text.SYSCFG_DL_UART_0_init)
    [Anonymous Symbol]                       0x00000b3c   Section        0  ti_msp_dl_config.o(.text.SYSCFG_DL_init)
    [Anonymous Symbol]                       0x00000b54   Section        0  ti_msp_dl_config.o(.text.SYSCFG_DL_initPower)
    __arm_cp.1_1                             0x00000b8c   Number         4  ti_msp_dl_config.o(.text.SYSCFG_DL_initPower)
    [Anonymous Symbol]                       0x00000b90   Section        0  usart.o(.text.UART0_IRQHandler)
    __arm_cp.9_1                             0x00000be0   Number         4  usart.o(.text.UART0_IRQHandler)
    __arm_cp.9_2                             0x00000be4   Number         4  usart.o(.text.UART0_IRQHandler)
    __arm_cp.9_3                             0x00000be8   Number         4  usart.o(.text.UART0_IRQHandler)
    [Anonymous Symbol]                       0x00000bec   Section        0  usart.o(.text.USART_Init)
    __NVIC_ClearPendingIRQ                   0x00000c05   Thumb Code    40  usart.o(.text.__NVIC_ClearPendingIRQ)
    [Anonymous Symbol]                       0x00000c04   Section        0  usart.o(.text.__NVIC_ClearPendingIRQ)
    __arm_cp.1_0                             0x00000c2c   Number         4  usart.o(.text.__NVIC_ClearPendingIRQ)
    __NVIC_EnableIRQ                         0x00000c31   Thumb Code    40  usart.o(.text.__NVIC_EnableIRQ)
    [Anonymous Symbol]                       0x00000c30   Section        0  usart.o(.text.__NVIC_EnableIRQ)
    __arm_cp.2_0                             0x00000c58   Number         4  usart.o(.text.__NVIC_EnableIRQ)
    _delay_us                                0x00000c5d   Thumb Code    16  grayscale_sensor.o(.text._delay_us)
    [Anonymous Symbol]                       0x00000c5c   Section        0  grayscale_sensor.o(.text._delay_us)
    _select_channel                          0x00000c6d   Thumb Code   132  grayscale_sensor.o(.text._select_channel)
    [Anonymous Symbol]                       0x00000c6c   Section        0  grayscale_sensor.o(.text._select_channel)
    __arm_cp.2_0                             0x00000cf0   Number         4  grayscale_sensor.o(.text._select_channel)
    [Anonymous Symbol]                       0x00000cf4   Section        0  delay.o(.text.delay_ms)
    [Anonymous Symbol]                       0x00000d0c   Section        0  delay.o(.text.delay_us)
    __arm_cp.0_0                             0x00000d78   Number         4  delay.o(.text.delay_us)
    __arm_cp.0_1                             0x00000d7c   Number         4  delay.o(.text.delay_us)
    [Anonymous Symbol]                       0x00000d80   Section        0  usart.o(.text.fputc)
    __arm_cp.6_0                             0x00000da8   Number         4  usart.o(.text.fputc)
    [Anonymous Symbol]                       0x00000dac   Section        0  empty.o(.text.main)
    __arm_cp.0_0                             0x00000e08   Number         4  empty.o(.text.main)
    __arm_cp.0_1                             0x00000e0c   Number         4  empty.o(.text.main)
    __arm_cp.0_2                             0x00000e10   Number         4  empty.o(.text.main)
    __arm_cp.0_3                             0x00000e14   Number         4  empty.o(.text.main)
    __arm_cp.0_4                             0x00000e18   Number         4  empty.o(.text.main)
    i.__0printf                              0x00000e1c   Section        0  printfa.o(i.__0printf)
    i.__ARM_clz                              0x00000e3c   Section        0  depilogue.o(i.__ARM_clz)
    i.__scatterload_copy                     0x00000e70   Section       14  handlers.o(i.__scatterload_copy)
    i.__scatterload_null                     0x00000e80   Section        2  handlers.o(i.__scatterload_null)
    i.__scatterload_zeroinit                 0x00000e88   Section       14  handlers.o(i.__scatterload_zeroinit)
    _fp_digits                               0x00000e99   Thumb Code   344  printfa.o(i._fp_digits)
    i._fp_digits                             0x00000e98   Section        0  printfa.o(i._fp_digits)
    _printf_core                             0x0000100d   Thumb Code  1754  printfa.o(i._printf_core)
    i._printf_core                           0x0000100c   Section        0  printfa.o(i._printf_core)
    _printf_post_padding                     0x000016f9   Thumb Code    32  printfa.o(i._printf_post_padding)
    i._printf_post_padding                   0x000016f8   Section        0  printfa.o(i._printf_post_padding)
    _printf_pre_padding                      0x00001719   Thumb Code    44  printfa.o(i._printf_pre_padding)
    i._printf_pre_padding                    0x00001718   Section        0  printfa.o(i._printf_pre_padding)
    gUART_0ClockConfig                       0x00001744   Data           2  ti_msp_dl_config.o(.rodata.gUART_0ClockConfig)
    [Anonymous Symbol]                       0x00001744   Section        0  ti_msp_dl_config.o(.rodata.gUART_0ClockConfig)
    gUART_0Config                            0x00001746   Data          10  ti_msp_dl_config.o(.rodata.gUART_0Config)
    [Anonymous Symbol]                       0x00001746   Section        0  ti_msp_dl_config.o(.rodata.gUART_0Config)
    [Anonymous Symbol]                       0x00001750   Section        0  empty.o(.rodata.str1.1)
    .data                                    0x20200000   Section        4  stdout.o(.data)
    STACK                                    0x202000c0   Section     1024  startup_mspm0g350x_uvision.o(STACK)

    Global Symbols

    Symbol Name                              Value     Ov Type        Size  Object(Section)

    BuildAttributes$$THM_ISAv3M$S$PE$A:L22$X:L11$S22$IEEE1$IW$~IW$USESV6$~STKCKD$USESV7$~SHL$OSPACE$ROPI$EBA8$MICROLIB$REQ8$PRES8$EABIv2 0x00000000   Number         0  anon$$obj.o ABSOLUTE
    __Vectors                                0x00000000   Data           4  startup_mspm0g350x_uvision.o(RESET)
    __cpp_initialize__aeabi_                  - Undefined Weak Reference
    __cxa_finalize                            - Undefined Weak Reference
    __decompress                              - Undefined Weak Reference
    _clock_init                               - Undefined Weak Reference
    _microlib_exit                            - Undefined Weak Reference
    __Vectors_End                            0x000000c0   Data           0  startup_mspm0g350x_uvision.o(RESET)
    __Vectors_Size                           0x000000c0   Number         0  startup_mspm0g350x_uvision.o ABSOLUTE
    __main                                   0x000000c1   Thumb Code     0  entry.o(.ARM.Collect$$$$00000000)
    _main_stk                                0x000000c1   Thumb Code     0  entry2.o(.ARM.Collect$$$$00000001)
    _main_scatterload                        0x000000c5   Thumb Code     0  entry5.o(.ARM.Collect$$$$00000004)
    __main_after_scatterload                 0x000000c9   Thumb Code     0  entry5.o(.ARM.Collect$$$$00000004)
    _main_clock                              0x000000c9   Thumb Code     0  entry7b.o(.ARM.Collect$$$$00000008)
    _main_cpp_init                           0x000000c9   Thumb Code     0  entry8b.o(.ARM.Collect$$$$0000000A)
    _main_init                               0x000000c9   Thumb Code     0  entry9a.o(.ARM.Collect$$$$0000000B)
    __rt_final_cpp                           0x000000d1   Thumb Code     0  entry10a.o(.ARM.Collect$$$$0000000D)
    __rt_final_exit                          0x000000d1   Thumb Code     0  entry11a.o(.ARM.Collect$$$$0000000F)
    Reset_Handler                            0x000000d5   Thumb Code     4  startup_mspm0g350x_uvision.o(.text)
    NMI_Handler                              0x000000d9   Thumb Code     2  startup_mspm0g350x_uvision.o(.text)
    HardFault_Handler                        0x000000db   Thumb Code     2  startup_mspm0g350x_uvision.o(.text)
    SVC_Handler                              0x000000dd   Thumb Code     2  startup_mspm0g350x_uvision.o(.text)
    PendSV_Handler                           0x000000df   Thumb Code     2  startup_mspm0g350x_uvision.o(.text)
    SysTick_Handler                          0x000000e1   Thumb Code     2  startup_mspm0g350x_uvision.o(.text)
    ADC0_IRQHandler                          0x000000e3   Thumb Code     0  startup_mspm0g350x_uvision.o(.text)
    ADC1_IRQHandler                          0x000000e3   Thumb Code     0  startup_mspm0g350x_uvision.o(.text)
    AES_IRQHandler                           0x000000e3   Thumb Code     0  startup_mspm0g350x_uvision.o(.text)
    CANFD0_IRQHandler                        0x000000e3   Thumb Code     0  startup_mspm0g350x_uvision.o(.text)
    DAC0_IRQHandler                          0x000000e3   Thumb Code     0  startup_mspm0g350x_uvision.o(.text)
    DMA_IRQHandler                           0x000000e3   Thumb Code     0  startup_mspm0g350x_uvision.o(.text)
    Default_Handler                          0x000000e3   Thumb Code     2  startup_mspm0g350x_uvision.o(.text)
    GROUP0_IRQHandler                        0x000000e3   Thumb Code     0  startup_mspm0g350x_uvision.o(.text)
    GROUP1_IRQHandler                        0x000000e3   Thumb Code     0  startup_mspm0g350x_uvision.o(.text)
    I2C0_IRQHandler                          0x000000e3   Thumb Code     0  startup_mspm0g350x_uvision.o(.text)
    I2C1_IRQHandler                          0x000000e3   Thumb Code     0  startup_mspm0g350x_uvision.o(.text)
    RTC_IRQHandler                           0x000000e3   Thumb Code     0  startup_mspm0g350x_uvision.o(.text)
    SPI0_IRQHandler                          0x000000e3   Thumb Code     0  startup_mspm0g350x_uvision.o(.text)
    SPI1_IRQHandler                          0x000000e3   Thumb Code     0  startup_mspm0g350x_uvision.o(.text)
    TIMA0_IRQHandler                         0x000000e3   Thumb Code     0  startup_mspm0g350x_uvision.o(.text)
    TIMA1_IRQHandler                         0x000000e3   Thumb Code     0  startup_mspm0g350x_uvision.o(.text)
    TIMG0_IRQHandler                         0x000000e3   Thumb Code     0  startup_mspm0g350x_uvision.o(.text)
    TIMG12_IRQHandler                        0x000000e3   Thumb Code     0  startup_mspm0g350x_uvision.o(.text)
    TIMG6_IRQHandler                         0x000000e3   Thumb Code     0  startup_mspm0g350x_uvision.o(.text)
    TIMG7_IRQHandler                         0x000000e3   Thumb Code     0  startup_mspm0g350x_uvision.o(.text)
    TIMG8_IRQHandler                         0x000000e3   Thumb Code     0  startup_mspm0g350x_uvision.o(.text)
    UART1_IRQHandler                         0x000000e3   Thumb Code     0  startup_mspm0g350x_uvision.o(.text)
    UART2_IRQHandler                         0x000000e3   Thumb Code     0  startup_mspm0g350x_uvision.o(.text)
    UART3_IRQHandler                         0x000000e3   Thumb Code     0  startup_mspm0g350x_uvision.o(.text)
    __aeabi_uidiv                            0x000000e9   Thumb Code     0  uidiv_div0.o(.text)
    __aeabi_uidivmod                         0x000000e9   Thumb Code    62  uidiv_div0.o(.text)
    __aeabi_uldivmod                         0x00000127   Thumb Code    96  uldiv.o(.text)
    __I$use$fp                               0x00000187   Thumb Code     0  iusefp.o(.text)
    __aeabi_dadd                             0x00000189   Thumb Code   328  dadd.o(.text)
    __aeabi_dsub                             0x000002d1   Thumb Code    12  dadd.o(.text)
    __aeabi_drsub                            0x000002dd   Thumb Code    12  dadd.o(.text)
    __aeabi_dmul                             0x000002ed   Thumb Code   202  dmul.o(.text)
    __aeabi_ddiv                             0x000003bd   Thumb Code   234  ddiv.o(.text)
    __aeabi_d2ulz                            0x000004ad   Thumb Code    54  dfixul.o(.text)
    __aeabi_cdrcmple                         0x000004ed   Thumb Code    38  cdrcmple.o(.text)
    __scatterload                            0x00000519   Thumb Code    28  init.o(.text)
    __scatterload_rt2                        0x00000519   Thumb Code     0  init.o(.text)
    __aeabi_llsl                             0x0000053d   Thumb Code    32  llshl.o(.text)
    _ll_shift_l                              0x0000053d   Thumb Code     0  llshl.o(.text)
    __aeabi_llsr                             0x0000055d   Thumb Code    34  llushr.o(.text)
    _ll_ushift_r                             0x0000055d   Thumb Code     0  llushr.o(.text)
    __aeabi_lasr                             0x0000057f   Thumb Code    38  llsshr.o(.text)
    _ll_sshift_r                             0x0000057f   Thumb Code     0  llsshr.o(.text)
    _double_round                            0x000005a5   Thumb Code    26  depilogue.o(.text)
    _double_epilogue                         0x000005bf   Thumb Code   164  depilogue.o(.text)
    DL_Common_delayCycles                    0x00000663   Thumb Code    20  dl_common.o(.text.DL_Common_delayCycles)
    DL_UART_init                             0x000008e9   Thumb Code    68  dl_uart.o(.text.DL_UART_init)
    DL_UART_setClockConfig                   0x000009c1   Thumb Code    32  dl_uart.o(.text.DL_UART_setClockConfig)
    Grayscale_Sensor_Read_All                0x00000a19   Thumb Code    70  grayscale_sensor.o(.text.Grayscale_Sensor_Read_All)
    SYSCFG_DL_GPIO_init                      0x00000a75   Thumb Code    84  ti_msp_dl_config.o(.text.SYSCFG_DL_GPIO_init)
    SYSCFG_DL_SYSCTL_init                    0x00000ac9   Thumb Code    34  ti_msp_dl_config.o(.text.SYSCFG_DL_SYSCTL_init)
    SYSCFG_DL_SYSTICK_init                   0x00000aeb   Thumb Code    14  ti_msp_dl_config.o(.text.SYSCFG_DL_SYSTICK_init)
    SYSCFG_DL_UART_0_init                    0x00000af9   Thumb Code    60  ti_msp_dl_config.o(.text.SYSCFG_DL_UART_0_init)
    SYSCFG_DL_init                           0x00000b3d   Thumb Code    24  ti_msp_dl_config.o(.text.SYSCFG_DL_init)
    SYSCFG_DL_initPower                      0x00000b55   Thumb Code    56  ti_msp_dl_config.o(.text.SYSCFG_DL_initPower)
    UART0_IRQHandler                         0x00000b91   Thumb Code    80  usart.o(.text.UART0_IRQHandler)
    USART_Init                               0x00000bed   Thumb Code    22  usart.o(.text.USART_Init)
    delay_ms                                 0x00000cf5   Thumb Code    22  delay.o(.text.delay_ms)
    delay_us                                 0x00000d0d   Thumb Code   108  delay.o(.text.delay_us)
    fputc                                    0x00000d81   Thumb Code    40  usart.o(.text.fputc)
    main                                     0x00000dad   Thumb Code    92  empty.o(.text.main)
    __0printf                                0x00000e1d   Thumb Code    24  printfa.o(i.__0printf)
    __1printf                                0x00000e1d   Thumb Code     0  printfa.o(i.__0printf)
    __2printf                                0x00000e1d   Thumb Code     0  printfa.o(i.__0printf)
    __c89printf                              0x00000e1d   Thumb Code     0  printfa.o(i.__0printf)
    printf                                   0x00000e1d   Thumb Code     0  printfa.o(i.__0printf)
    __ARM_clz                                0x00000e3d   Thumb Code    46  depilogue.o(i.__ARM_clz)
    __scatterload_copy                       0x00000e71   Thumb Code    14  handlers.o(i.__scatterload_copy)
    __scatterload_null                       0x00000e81   Thumb Code     2  handlers.o(i.__scatterload_null)
    __scatterload_zeroinit                   0x00000e89   Thumb Code    14  handlers.o(i.__scatterload_zeroinit)
    Region$$Table$$Base                      0x00001774   Number         0  anon$$obj.o(Region$$Table)
    Region$$Table$$Limit                     0x00001794   Number         0  anon$$obj.o(Region$$Table)
    __stdout                                 0x20200000   Data           4  stdout.o(.data)
    sensor_labels                            0x20200004   Data          32  empty.o(.data.sensor_labels)
    g_sensor_data                            0x20200028   Data          16  empty.o(.bss.g_sensor_data)
    i                                        0x20200038   Data           4  empty.o(.bss.i)
    recv0_buff                               0x2020003c   Data         128  usart.o(.bss.recv0_buff)
    recv0_flag                               0x202000bc   Data           1  usart.o(.bss.recv0_flag)
    recv0_length                             0x202000be   Data           2  usart.o(.bss.recv0_length)
    __initial_sp                             0x202004c0   Data           0  startup_mspm0g350x_uvision.o(STACK)



==============================================================================

Memory Map of the image

  Image Entry point : 0x000000c1

  Load Region LR_IROM1 (Base: 0x00000000, Size: 0x000017c0, Max: 0x00020000, ABSOLUTE)

    Execution Region ER_IROM1 (Exec base: 0x00000000, Load base: 0x00000000, Size: 0x00001794, Max: 0x00020000, ABSOLUTE)

    Exec Addr    Load Addr    Size         Type   Attr      Idx    E Section Name        Object

    0x00000000   0x00000000   0x000000c0   Data   RO           16    RESET               startup_mspm0g350x_uvision.o
    0x000000c0   0x000000c0   0x00000000   Code   RO         1345  * .ARM.Collect$$$$00000000  mc_p.l(entry.o)
    0x000000c0   0x000000c0   0x00000004   Code   RO         1380    .ARM.Collect$$$$00000001  mc_p.l(entry2.o)
    0x000000c4   0x000000c4   0x00000004   Code   RO         1383    .ARM.Collect$$$$00000004  mc_p.l(entry5.o)
    0x000000c8   0x000000c8   0x00000000   Code   RO         1385    .ARM.Collect$$$$00000008  mc_p.l(entry7b.o)
    0x000000c8   0x000000c8   0x00000000   Code   RO         1387    .ARM.Collect$$$$0000000A  mc_p.l(entry8b.o)
    0x000000c8   0x000000c8   0x00000008   Code   RO         1388    .ARM.Collect$$$$0000000B  mc_p.l(entry9a.o)
    0x000000d0   0x000000d0   0x00000000   Code   RO         1390    .ARM.Collect$$$$0000000D  mc_p.l(entry10a.o)
    0x000000d0   0x000000d0   0x00000000   Code   RO         1392    .ARM.Collect$$$$0000000F  mc_p.l(entry11a.o)
    0x000000d0   0x000000d0   0x00000004   Code   RO         1381    .ARM.Collect$$$$00002712  mc_p.l(entry2.o)
    0x000000d4   0x000000d4   0x00000014   Code   RO           17    .text               startup_mspm0g350x_uvision.o
    0x000000e8   0x000000e8   0x0000003e   Code   RO         1397    .text               mc_p.l(uidiv_div0.o)
    0x00000126   0x00000126   0x00000060   Code   RO         1403    .text               mc_p.l(uldiv.o)
    0x00000186   0x00000186   0x00000000   Code   RO         1405    .text               mc_p.l(iusefp.o)
    0x00000186   0x00000186   0x00000002   PAD
    0x00000188   0x00000188   0x00000164   Code   RO         1406    .text               mf_p.l(dadd.o)
    0x000002ec   0x000002ec   0x000000d0   Code   RO         1408    .text               mf_p.l(dmul.o)
    0x000003bc   0x000003bc   0x000000f0   Code   RO         1410    .text               mf_p.l(ddiv.o)
    0x000004ac   0x000004ac   0x00000040   Code   RO         1412    .text               mf_p.l(dfixul.o)
    0x000004ec   0x000004ec   0x00000028   Code   RO         1414    .text               mf_p.l(cdrcmple.o)
    0x00000514   0x00000514   0x00000004   PAD
    0x00000518   0x00000518   0x00000024   Code   RO         1416    .text               mc_p.l(init.o)
    0x0000053c   0x0000053c   0x00000020   Code   RO         1418    .text               mc_p.l(llshl.o)
    0x0000055c   0x0000055c   0x00000022   Code   RO         1420    .text               mc_p.l(llushr.o)
    0x0000057e   0x0000057e   0x00000026   Code   RO         1422    .text               mc_p.l(llsshr.o)
    0x000005a4   0x000005a4   0x000000be   Code   RO         1424    .text               mf_p.l(depilogue.o)
    0x00000662   0x00000662   0x00000014   Code   RO          142    .text.DL_Common_delayCycles  dl_common.o
    0x00000676   0x00000676   0x00000028   Code   RO           78    .text.DL_Common_updateReg  ti_msp_dl_config.o
    0x0000069e   0x0000069e   0x00000028   Code   RO         1137    .text.DL_Common_updateReg  dl_uart.o
    0x000006c6   0x000006c6   0x00000014   Code   RO           52    .text.DL_GPIO_clearPins  ti_msp_dl_config.o
    0x000006da   0x000006da   0x00000014   Code   RO         1335    .text.DL_GPIO_clearPins  grayscale_sensor.o
    0x000006ee   0x000006ee   0x00000002   PAD
    0x000006f0   0x000006f0   0x00000018   Code   RO           54    .text.DL_GPIO_enableOutput  ti_msp_dl_config.o
    0x00000708   0x00000708   0x00000014   Code   RO           40    .text.DL_GPIO_enablePower  ti_msp_dl_config.o
    0x0000071c   0x0000071c   0x00000030   Code   RO           50    .text.DL_GPIO_initDigitalInputFeatures  ti_msp_dl_config.o
    0x0000074c   0x0000074c   0x00000014   Code   RO           48    .text.DL_GPIO_initDigitalOutput  ti_msp_dl_config.o
    0x00000760   0x00000760   0x0000001c   Code   RO           46    .text.DL_GPIO_initPeripheralInputFunction  ti_msp_dl_config.o
    0x0000077c   0x0000077c   0x0000001c   Code   RO           44    .text.DL_GPIO_initPeripheralOutputFunction  ti_msp_dl_config.o
    0x00000798   0x00000798   0x00000016   Code   RO         1337    .text.DL_GPIO_readPins  grayscale_sensor.o
    0x000007ae   0x000007ae   0x00000002   PAD
    0x000007b0   0x000007b0   0x00000010   Code   RO           36    .text.DL_GPIO_reset  ti_msp_dl_config.o
    0x000007c0   0x000007c0   0x00000018   Code   RO         1333    .text.DL_GPIO_setPins  grayscale_sensor.o
    0x000007d8   0x000007d8   0x0000000c   Code   RO           60    .text.DL_SYSCTL_disableHFXT  ti_msp_dl_config.o
    0x000007e4   0x000007e4   0x00000014   Code   RO           62    .text.DL_SYSCTL_disableSYSPLL  ti_msp_dl_config.o
    0x000007f8   0x000007f8   0x00000014   Code   RO           64    .text.DL_SYSCTL_enableMFCLK  ti_msp_dl_config.o
    0x0000080c   0x0000080c   0x00000018   Code   RO           56    .text.DL_SYSCTL_setBORThreshold  ti_msp_dl_config.o
    0x00000824   0x00000824   0x0000001c   Code   RO           58    .text.DL_SYSCTL_setSYSOSCFreq  ti_msp_dl_config.o
    0x00000840   0x00000840   0x0000000c   Code   RO           76    .text.DL_SYSTICK_enable  ti_msp_dl_config.o
    0x0000084c   0x0000084c   0x00000028   Code   RO           74    .text.DL_SYSTICK_init  ti_msp_dl_config.o
    0x00000874   0x00000874   0x00000016   Code   RO         1135    .text.DL_UART_disable  dl_uart.o
    0x0000088a   0x0000088a   0x00000016   Code   RO           72    .text.DL_UART_enable  ti_msp_dl_config.o
    0x000008a0   0x000008a0   0x0000001c   Code   RO           70    .text.DL_UART_enableInterrupt  ti_msp_dl_config.o
    0x000008bc   0x000008bc   0x00000018   Code   RO           42    .text.DL_UART_enablePower  ti_msp_dl_config.o
    0x000008d4   0x000008d4   0x00000012   Code   RO         1307    .text.DL_UART_getPendingInterrupt  usart.o
    0x000008e6   0x000008e6   0x00000002   PAD
    0x000008e8   0x000008e8   0x00000048   Code   RO         1133    .text.DL_UART_init  dl_uart.o
    0x00000930   0x00000930   0x00000018   Code   RO         1295    .text.DL_UART_isBusy  usart.o
    0x00000948   0x00000948   0x00000014   Code   RO         1309    .text.DL_UART_receiveData  usart.o
    0x0000095c   0x0000095c   0x00000018   Code   RO           38    .text.DL_UART_reset  ti_msp_dl_config.o
    0x00000974   0x00000974   0x0000004c   Code   RO           68    .text.DL_UART_setBaudRateDivisor  ti_msp_dl_config.o
    0x000009c0   0x000009c0   0x00000024   Code   RO         1139    .text.DL_UART_setClockConfig  dl_uart.o
    0x000009e4   0x000009e4   0x0000001e   Code   RO           66    .text.DL_UART_setOversampling  ti_msp_dl_config.o
    0x00000a02   0x00000a02   0x00000016   Code   RO         1297    .text.DL_UART_transmitData  usart.o
    0x00000a18   0x00000a18   0x00000046   Code   RO         1323    .text.Grayscale_Sensor_Read_All  grayscale_sensor.o
    0x00000a5e   0x00000a5e   0x00000002   PAD
    0x00000a60   0x00000a60   0x00000014   Code   RO         1329    .text.Read_OUT_value  grayscale_sensor.o
    0x00000a74   0x00000a74   0x00000054   Code   RO           28    .text.SYSCFG_DL_GPIO_init  ti_msp_dl_config.o
    0x00000ac8   0x00000ac8   0x00000022   Code   RO           30    .text.SYSCFG_DL_SYSCTL_init  ti_msp_dl_config.o
    0x00000aea   0x00000aea   0x0000000e   Code   RO           34    .text.SYSCFG_DL_SYSTICK_init  ti_msp_dl_config.o
    0x00000af8   0x00000af8   0x00000044   Code   RO           32    .text.SYSCFG_DL_UART_0_init  ti_msp_dl_config.o
    0x00000b3c   0x00000b3c   0x00000018   Code   RO           24    .text.SYSCFG_DL_init  ti_msp_dl_config.o
    0x00000b54   0x00000b54   0x0000003c   Code   RO           26    .text.SYSCFG_DL_initPower  ti_msp_dl_config.o
    0x00000b90   0x00000b90   0x0000005c   Code   RO         1305    .text.UART0_IRQHandler  usart.o
    0x00000bec   0x00000bec   0x00000016   Code   RO         1287    .text.USART_Init    usart.o
    0x00000c02   0x00000c02   0x00000002   PAD
    0x00000c04   0x00000c04   0x0000002c   Code   RO         1289    .text.__NVIC_ClearPendingIRQ  usart.o
    0x00000c30   0x00000c30   0x0000002c   Code   RO         1291    .text.__NVIC_EnableIRQ  usart.o
    0x00000c5c   0x00000c5c   0x00000010   Code   RO         1327    .text._delay_us     grayscale_sensor.o
    0x00000c6c   0x00000c6c   0x00000088   Code   RO         1325    .text._select_channel  grayscale_sensor.o
    0x00000cf4   0x00000cf4   0x00000016   Code   RO         1277    .text.delay_ms      delay.o
    0x00000d0a   0x00000d0a   0x00000002   PAD
    0x00000d0c   0x00000d0c   0x00000074   Code   RO         1275    .text.delay_us      delay.o
    0x00000d80   0x00000d80   0x0000002c   Code   RO         1299    .text.fputc         usart.o
    0x00000dac   0x00000dac   0x00000070   Code   RO            2    .text.main          empty.o
    0x00000e1c   0x00000e1c   0x00000020   Code   RO         1353    i.__0printf         mc_p.l(printfa.o)
    0x00000e3c   0x00000e3c   0x0000002e   Code   RO         1426    i.__ARM_clz         mf_p.l(depilogue.o)
    0x00000e6a   0x00000e6a   0x00000006   PAD
    0x00000e70   0x00000e70   0x0000000e   Code   RO         1430    i.__scatterload_copy  mc_p.l(handlers.o)
    0x00000e7e   0x00000e7e   0x00000002   PAD
    0x00000e80   0x00000e80   0x00000002   Code   RO         1431    i.__scatterload_null  mc_p.l(handlers.o)
    0x00000e82   0x00000e82   0x00000006   PAD
    0x00000e88   0x00000e88   0x0000000e   Code   RO         1432    i.__scatterload_zeroinit  mc_p.l(handlers.o)
    0x00000e96   0x00000e96   0x00000002   PAD
    0x00000e98   0x00000e98   0x00000174   Code   RO         1360    i._fp_digits        mc_p.l(printfa.o)
    0x0000100c   0x0000100c   0x000006ec   Code   RO         1361    i._printf_core      mc_p.l(printfa.o)
    0x000016f8   0x000016f8   0x00000020   Code   RO         1362    i._printf_post_padding  mc_p.l(printfa.o)
    0x00001718   0x00001718   0x0000002c   Code   RO         1363    i._printf_pre_padding  mc_p.l(printfa.o)
    0x00001744   0x00001744   0x00000002   Data   RO           80    .rodata.gUART_0ClockConfig  ti_msp_dl_config.o
    0x00001746   0x00001746   0x0000000a   Data   RO           81    .rodata.gUART_0Config  ti_msp_dl_config.o
    0x00001750   0x00001750   0x00000024   Data   RO            4    .rodata.str1.1      empty.o
    0x00001774   0x00001774   0x00000020   Data   RO         1429    Region$$Table       anon$$obj.o


    Execution Region RW_IRAM2 (Exec base: 0x20200000, Load base: 0x00001798, Size: 0x000004c0, Max: 0x00008000, ABSOLUTE)

    Exec Addr    Load Addr    Size         Type   Attr      Idx    E Section Name        Object

    0x20200000   0x00001798   0x00000004   Data   RW         1394    .data               mc_p.l(stdout.o)
    0x20200004   0x0000179c   0x00000020   Data   RW            5    .data.sensor_labels  empty.o
    0x20200024   0x000017bc   0x00000004   PAD
    0x20200028        -       0x00000010   Zero   RW            6    .bss.g_sensor_data  empty.o
    0x20200038        -       0x00000004   Zero   RW            7    .bss.i              empty.o
    0x2020003c        -       0x00000080   Zero   RW         1311    .bss.recv0_buff     usart.o
    0x202000bc        -       0x00000001   Zero   RW         1313    .bss.recv0_flag     usart.o
    0x202000bd   0x000017bc   0x00000001   PAD
    0x202000be        -       0x00000002   Zero   RW         1312    .bss.recv0_length   usart.o
    0x202000c0        -       0x00000400   Zero   RW           14    STACK               startup_mspm0g350x_uvision.o



  Load Region LR_BCR (Base: 0x41c00000, Size: 0x00000000, Max: 0x00000100, ABSOLUTE)

    Execution Region BCR_CONFIG (Exec base: 0x41c00000, Load base: 0x41c00000, Size: 0x00000000, Max: 0x00000080, ABSOLUTE)

    **** No section assigned to this execution region ****



  Load Region LR_BSL (Base: 0x41c00100, Size: 0x00000000, Max: 0x00000100, ABSOLUTE)

    Execution Region BSL_CONFIG (Exec base: 0x41c00100, Load base: 0x41c00100, Size: 0x00000000, Max: 0x00000080, ABSOLUTE)

    **** No section assigned to this execution region ****


==============================================================================

Image component sizes


      Code (inc. data)   RO Data    RW Data    ZI Data      Debug   Object Name

       138          8          0          0          0       1175   delay.o
        20          0          0          0          0        581   dl_common.o
       170          8          0          0          0      10602   dl_uart.o
       112         20         36         32         20        935   empty.o
       308          8          0          0          0       4666   grayscale_sensor.o
        20          4        192          0       1024        628   startup_mspm0g350x_uvision.o
       888         88         12          0          0      20199   ti_msp_dl_config.o
       330         32          0          0        131       6437   usart.o

    ----------------------------------------------------------------------
      1998        168        272         32       1180      45223   Object Totals
         0          0         32          0          0          0   (incl. Generated)
        12          0          0          0          5          0   (incl. Padding)

    ----------------------------------------------------------------------

      Code (inc. data)   RO Data    RW Data    ZI Data      Debug   Library Member Name

         0          0          0          0          0          0   entry.o
         0          0          0          0          0          0   entry10a.o
         0          0          0          0          0          0   entry11a.o
         8          4          0          0          0          0   entry2.o
         4          0          0          0          0          0   entry5.o
         0          0          0          0          0          0   entry7b.o
         0          0          0          0          0          0   entry8b.o
         8          4          0          0          0          0   entry9a.o
        30          0          0          0          0          0   handlers.o
        36          8          0          0          0         68   init.o
         0          0          0          0          0          0   iusefp.o
        32          0          0          0          0         68   llshl.o
        38          0          0          0          0         68   llsshr.o
        34          0          0          0          0         68   llushr.o
      2252         98          0          0          0        412   printfa.o
         0          0          0          4          0          0   stdout.o
        62          0          0          0          0         72   uidiv_div0.o
        96          0          0          0          0         84   uldiv.o
        40          2          0          0          0         68   cdrcmple.o
       356          4          0          0          0        140   dadd.o
       240          6          0          0          0         84   ddiv.o
       236          0          0          0          0        216   depilogue.o
        64         10          0          0          0         68   dfixul.o
       208          6          0          0          0         88   dmul.o

    ----------------------------------------------------------------------
      3766        146          0          4          0       1504   Library Totals
        22          4          0          0          0          0   (incl. Padding)

    ----------------------------------------------------------------------

      Code (inc. data)   RO Data    RW Data    ZI Data      Debug   Library Name

      2600        114          0          4          0        840   mc_p.l
      1144         28          0          0          0        664   mf_p.l

    ----------------------------------------------------------------------
      3766        146          0          4          0       1504   Library Totals

    ----------------------------------------------------------------------

==============================================================================


      Code (inc. data)   RO Data    RW Data    ZI Data      Debug   

      5764        314        272         36       1180      46047   Grand Totals
      5764        314        272         36       1180      46047   ELF Image Totals
      5764        314        272         36          0          0   ROM Totals

==============================================================================

    Total RO  Size (Code + RO Data)                 6036 (   5.89kB)
    Total RW  Size (RW Data + ZI Data)              1216 (   1.19kB)
    Total ROM Size (Code + RO Data + RW Data)       6072 (   5.93kB)

==============================================================================

